<html>
<body>
<pre>
<h1>礦ision Build Log</h1>
<h2>Tool Versions:</h2>
IDE-Version: μVision V5.24.2.0
Copyright (C) 2017 ARM Ltd and ARM Germany GmbH. All rights reserved.
License Information: Yule xiaozhaoggi, a, LIC=TIVHL-0E8K7-Y7GRW-QKX40-MG391-DY7P4
 
Tool Versions:
Toolchain:       MDK-ARM Plus  Version: 5.24.1
Toolchain Path:  C:\Keil_v5\ARM\ARMCC\Bin
C Compiler:      Armcc.exe V5.06 update 5 (build 528)
Assembler:       Armasm.exe V5.06 update 5 (build 528)
Linker/Locator:  ArmLink.exe V5.06 update 5 (build 528)
Library Manager: ArmAr.exe V5.06 update 5 (build 528)
Hex Converter:   FromElf.exe V5.06 update 5 (build 528)
CPU DLL:         SARMCM3.DLL V5.24.1
Dialog DLL:      DCM.DLL V1.16.0.0
Target DLL:      Segger\JL2CM3.dll V2.99.26.0
Dialog DLL:      TCM.DLL V1.32.0.0
 
<h2>Project:</h2>
D:\1\新建文件夹\光电四轮\car\展示\Projecct\MDK\SeekFree_Kinetis.uvprojx
Project File Date:  05/07/2019

<h2>Output:</h2>
*** Using Compiler 'V5.06 update 5 (build 528)', folder: 'C:\Keil_v5\ARM\ARMCC\Bin'
Build target 'SeekFree_MK66FX'
compiling pid.c...
..\USER\inc\isr.h(30): warning:  #1295-D: Deprecated declaration pit0_init - give arg types
  void pit0_init();
..\USER\inc\isr.h(31): warning:  #260-D: explicit type is missing ("int" assumed)
  extern chaoshengbo_biaozhi;
..\USER\inc\pid.h(18): warning:  #1295-D: Deprecated declaration SE_control - give arg types
  void SE_control();
..\USER\inc\pid.h(19): warning:  #1295-D: Deprecated declaration Motor_control - give arg types
  void Motor_control();
..\USER\inc\pid.h(20): warning:  #1295-D: Deprecated declaration SE_PID_init - give arg types
  void SE_PID_init();
..\USER\inc\pid.h(21): warning:  #1295-D: Deprecated declaration Motor_PID_init - give arg types
  void Motor_PID_init();
..\USER\inc\pid.h(22): warning:  #1295-D: Deprecated declaration hgzhixian - give arg types
  void hgzhixian();
..\USER\inc\pid.h(24): warning:  #1295-D: Deprecated declaration motor_speedcontrol - give arg types
  void motor_speedcontrol();
..\USER\inc\pid.h(35): warning:  #1-D: last line of file ends without a newline
  #endif
..\USER\inc\findline.h(17): warning:  #1295-D: Deprecated declaration Mfindline - give arg types
  extern void Mfindline();
..\USER\inc\findline.h(18): warning:  #1295-D: Deprecated declaration jiaquan_error1 - give arg types
  extern void jiaquan_error1();
..\USER\inc\findline.h(20): warning:  #1295-D: Deprecated declaration shizi - give arg types
  extern void shizi();
..\USER\inc\findline.h(23): warning:  #1295-D: Deprecated declaration Mfindline_plus - give arg types
  extern void Mfindline_plus();
..\USER\inc\findline.h(24): warning:  #1295-D: Deprecated declaration findline - give arg types
  extern void findline();
..\USER\inc\findline.h(25): warning:  #1295-D: Deprecated declaration zhangai_duanlu - give arg types
  extern void zhangai_duanlu();
..\USER\inc\findline.h(26): warning:  #1295-D: Deprecated declaration huandao - give arg types
  extern void huandao();
..\USER\inc\findline.h(27): warning:  #1295-D: Deprecated declaration heixian - give arg types
  extern void heixian();
..\USER\inc\findline.h(29): warning:  #1295-D: Deprecated declaration jizhunhang - give arg types
  extern void jizhunhang();
..\USER\inc\findline.h(30): warning:  #1295-D: Deprecated declaration youxiaohang - give arg types
  extern void youxiaohang();
..\USER\inc\findline.h(31): warning:  #1295-D: Deprecated declaration yangguang - give arg types
  void        yangguang();
..\USER\inc\findline.h(37): warning:  #1295-D: Deprecated declaration chaoshengbo - give arg types
  extern void chaoshengbo();
..\USER\inc\findline.h(38): warning:  #1295-D: Deprecated declaration dianci_sup - give arg types
  void dianci_sup();
..\USER\src\pid.c: 22 warnings, 0 errors
linking...
Program Size: Code=18280 RO-data=3232 RW-data=500 ZI-data=7828  
".\Objects\SeekFree_Kinetis.axf" - 0 Error(s), 22 Warning(s).

<h2>Software Packages used:</h2>

Package Vendor: Keil
                http://www.keil.com/pack/Keil.Kinetis_K60_DFP.1.5.0.pack
                Keil.Kinetis_K60_DFP.1.5.0
                NXP Kinetis K60 Series Device Support and Examples

<h2>Collection of Component include folders:</h2>
  .\RTE\_SeekFree_MK66FX
  C:\Keil_v5\ARM\PACK\Keil\Kinetis_K60_DFP\1.5.0\Device\Include

<h2>Collection of Component Files used:</h2>
Build Time Elapsed:  00:00:05
</pre>
</body>
</html>
