Component: ARM Compiler 5.06 update 5 (build 528) Tool: armlink [4d35e2]

==============================================================================

Section Cross References

    startup_mk66f18.o(STACK) refers (Special) to heapauxi.o(.text) for __use_two_region_memory
    startup_mk66f18.o(HEAP) refers (Special) to heapauxi.o(.text) for __use_two_region_memory
    startup_mk66f18.o(RESET) refers (Special) to heapauxi.o(.text) for __use_two_region_memory
    startup_mk66f18.o(RESET) refers to startup_mk66f18.o(STACK) for __initial_sp
    startup_mk66f18.o(RESET) refers to startup_mk66f18.o(.text) for Reset_Handler
    startup_mk66f18.o(RESET) refers to system_mk66.o(i.NMI_Handler) for NMI_Handler
    startup_mk66f18.o(RESET) refers to isr.o(i.DMA0_IRQHandler) for DMA0_IRQHandler
    startup_mk66f18.o(RESET) refers to isr.o(i.UART3_RX_TX_IRQHandler) for UART3_RX_TX_IRQHandler
    startup_mk66f18.o(RESET) refers to isr.o(i.PIT0_IRQHandler) for PIT0_IRQHandler
    startup_mk66f18.o(RESET) refers to isr.o(i.PIT1_IRQHandler) for PIT1_IRQHandler
    startup_mk66f18.o(RESET) refers to isr.o(i.PIT3_IRQHandler) for PIT3_IRQHandler
    startup_mk66f18.o(RESET) refers to isr.o(i.PORTA_IRQHandler) for PORTA_IRQHandler
    startup_mk66f18.o(RESET) refers to isr.o(i.PORTC_IRQHandler) for PORTC_IRQHandler
    startup_mk66f18.o(.ARM.__at_0x400) refers (Special) to heapauxi.o(.text) for __use_two_region_memory
    startup_mk66f18.o(.text) refers (Special) to heapauxi.o(.text) for __use_two_region_memory
    startup_mk66f18.o(.text) refers to system_mk66.o(i.Start) for Start
    startup_mk66f18.o(.text) refers to __main.o(!!!main) for __main
    startup_mk66f18.o(.text) refers to startup_mk66f18.o(HEAP) for Heap_Mem
    startup_mk66f18.o(.text) refers to startup_mk66f18.o(STACK) for Stack_Mem
    system_mk66.o(i.SYSTEM_CLK) refers to system_mk66.o(i.div_set) for div_set
    system_mk66.o(i.Start) refers to system_mk66.o(i.Disable_Wdog) for Disable_Wdog
    system_mk66.o(i.Start) refers to system_mk66.o(i.SYSTEM_CLK) for SYSTEM_CLK
    system_mk66.o(i.Start) refers to mk60_gpio.o(i.gpio_init) for gpio_init
    common.o(i.get_clk) refers to mk60_uart.o(i.uart_init) for uart_init
    common.o(i.get_clk) refers to common.o(.data) for mcgout_clk_mhz
    mk60_adc.o(i.adc_init) refers to mk60_port.o(i.port_init) for port_init
    mk60_adc.o(i.adc_once) refers to mk60_adc.o(i.adc_start) for adc_start
    mk60_adc.o(i.adc_once) refers to mk60_adc.o(.constdata) for ADCX
    mk60_adc.o(i.adc_start) refers to mk60_adc.o(.constdata) for ADCX
    mk60_adc.o(i.adc_stop) refers to mk60_adc.o(.constdata) for ADCX
    mk60_cmt.o(i.cmt_pwm_duty) refers to mk60_cmt.o(.data) for cmt_period
    mk60_cmt.o(i.cmt_pwm_freq) refers to common.o(.data) for bus_clk_mhz
    mk60_cmt.o(i.cmt_pwm_freq) refers to mk60_cmt.o(.data) for cmt_period
    mk60_cmt.o(i.cmt_pwm_init) refers to mk60_port.o(i.port_init) for port_init
    mk60_cmt.o(i.cmt_pwm_init) refers to common.o(.data) for bus_clk_mhz
    mk60_cmt.o(i.cmt_pwm_init) refers to mk60_cmt.o(.data) for cmt_period
    mk60_dac.o(i.dac_init) refers to mk60_dac.o(.constdata) for DACX
    mk60_dac.o(i.dac_out) refers to mk60_dac.o(.constdata) for DACX
    mk60_dma.o(i.dma_portx2buff_init) refers to mk60_port.o(i.port_init) for port_init
    mk60_dma.o(i.dma_portx2buff_init) refers to mk60_gpio.o(i.gpio_init) for gpio_init
    mk60_flash.o(i.FLASH_EraseSector) refers to mk60_flash.o(i.FlashCmdStart) for FlashCmdStart
    mk60_flash.o(i.FLASH_WriteSector) refers to mk60_flash.o(i.FlashCmdStart) for FlashCmdStart
    mk60_flash.o(i.FlashCmdStart) refers to mk60_flash.o(.data) for s_flash_command_run
    mk60_ftm.o(i.FTM_port_mux) refers to mk60_port.o(i.port_init) for port_init
    mk60_ftm.o(i.ftm_input_clean) refers to mk60_ftm.o(.constdata) for FTMX
    mk60_ftm.o(i.ftm_input_get) refers to mk60_ftm.o(.constdata) for FTMX
    mk60_ftm.o(i.ftm_input_init) refers to mk60_ftm.o(i.FTM_port_mux) for FTM_port_mux
    mk60_ftm.o(i.ftm_input_init) refers to mk60_ftm.o(.constdata) for FTMX
    mk60_ftm.o(i.ftm_input_init) refers to common.o(.data) for bus_clk_mhz
    mk60_ftm.o(i.ftm_pwm_duty) refers to mk60_ftm.o(.data) for period
    mk60_ftm.o(i.ftm_pwm_duty) refers to mk60_ftm.o(.constdata) for FTMX
    mk60_ftm.o(i.ftm_pwm_freq) refers to common.o(.data) for bus_clk_mhz
    mk60_ftm.o(i.ftm_pwm_freq) refers to mk60_ftm.o(.data) for period
    mk60_ftm.o(i.ftm_pwm_freq) refers to mk60_ftm.o(.constdata) for FTMX
    mk60_ftm.o(i.ftm_pwm_init) refers to mk60_ftm.o(i.FTM_port_mux) for FTM_port_mux
    mk60_ftm.o(i.ftm_pwm_init) refers to common.o(.data) for bus_clk_mhz
    mk60_ftm.o(i.ftm_pwm_init) refers to mk60_ftm.o(.data) for period
    mk60_ftm.o(i.ftm_pwm_init) refers to mk60_ftm.o(.constdata) for FTMX
    mk60_ftm.o(i.ftm_quad_clean) refers to mk60_ftm.o(.constdata) for FTMX
    mk60_ftm.o(i.ftm_quad_get) refers to mk60_ftm.o(.constdata) for FTMX
[...]
    ..\\..\\Libraries\\seekfree\\SEEKFREE_FUN.c 0x00000000   Number         0  seekfree_fun.o ABSOLUTE
    ..\\..\\Libraries\\seekfree\\SEEKFREE_IIC.c 0x00000000   Number         0  seekfree_iic.o ABSOLUTE
    ..\\..\\Libraries\\seekfree\\SEEKFREE_L3G4200D.c 0x00000000   Number         0  seekfree_l3g4200d.o ABSOLUTE
    ..\\..\\Libraries\\seekfree\\SEEKFREE_MMA8451.c 0x00000000   Number         0  seekfree_mma8451.o ABSOLUTE
    ..\\..\\Libraries\\seekfree\\SEEKFREE_MPU6050.c 0x00000000   Number         0  seekfree_mpu6050.o ABSOLUTE
    ..\\..\\Libraries\\seekfree\\SEEKFREE_MT9V032.c 0x00000000   Number         0  seekfree_mt9v032.o ABSOLUTE
    ..\\..\\Libraries\\seekfree\\SEEKFREE_NRF24L01.c 0x00000000   Number         0  seekfree_nrf24l01.o ABSOLUTE
    ..\\..\\Libraries\\seekfree\\SEEKFREE_OLED.c 0x00000000   Number         0  seekfree_oled.o ABSOLUTE
    ..\\..\\Libraries\\seekfree\\SEEKFREE_TSL1401.c 0x00000000   Number         0  seekfree_tsl1401.o ABSOLUTE
    ..\\..\\Libraries\\startup\\DeviceSupport\\system_MK66.c 0x00000000   Number         0  system_mk66.o ABSOLUTE
    ..\\USER\\src\\dianci.c                  0x00000000   Number         0  dianci.o ABSOLUTE
    ..\\USER\\src\\findline.c                0x00000000   Number         0  findline.o ABSOLUTE
    ..\\USER\\src\\isr.c                     0x00000000   Number         0  isr.o ABSOLUTE
    ..\\USER\\src\\key.c                     0x00000000   Number         0  key.o ABSOLUTE
    ..\\USER\\src\\main.c                    0x00000000   Number         0  main.o ABSOLUTE
    ..\\USER\\src\\motor.c                   0x00000000   Number         0  motor.o ABSOLUTE
    ..\\USER\\src\\pid.c                     0x00000000   Number         0  pid.o ABSOLUTE
    ..\\USER\\src\\steering engine.c         0x00000000   Number         0  steering engine.o ABSOLUTE
    dc.s                                     0x00000000   Number         0  dc.o ABSOLUTE
    .ARM.__at_0x400                          0x00000400   Section       16  startup_mk66f18.o(.ARM.__at_0x400)
    !!!main                                  0x00000410   Section        8  __main.o(!!!main)
    !!!scatter                               0x00000418   Section       52  __scatter.o(!!!scatter)
    !!dczerorl2                              0x0000044c   Section       90  __dczerorl2.o(!!dczerorl2)
    !!handler_zi                             0x000004a8   Section       28  __scatter_zi.o(!!handler_zi)
    .ARM.Collect$$libinit$$00000000          0x000004c4   Section        2  libinit.o(.ARM.Collect$$libinit$$00000000)
    .ARM.Collect$$libinit$$00000001          0x000004c6   Section        4  libinit2.o(.ARM.Collect$$libinit$$00000001)
    .ARM.Collect$$libinit$$00000004          0x000004ca   Section        0  libinit2.o(.ARM.Collect$$libinit$$00000004)
    .ARM.Collect$$libinit$$0000000A          0x000004ca   Section        0  libinit2.o(.ARM.Collect$$libinit$$0000000A)
    .ARM.Collect$$libinit$$0000000C          0x000004ca   Section        0  libinit2.o(.ARM.Collect$$libinit$$0000000C)
    .ARM.Collect$$libinit$$0000000E          0x000004ca   Section        0  libinit2.o(.ARM.Collect$$libinit$$0000000E)
    .ARM.Collect$$libinit$$00000011          0x000004ca   Section        0  libinit2.o(.ARM.Collect$$libinit$$00000011)
    .ARM.Collect$$libinit$$00000013          0x000004ca   Section        0  libinit2.o(.ARM.Collect$$libinit$$00000013)
    .ARM.Collect$$libinit$$00000015          0x000004ca   Section        0  libinit2.o(.ARM.Collect$$libinit$$00000015)
    .ARM.Collect$$libinit$$00000017          0x000004ca   Section        0  libinit2.o(.ARM.Collect$$libinit$$00000017)
    .ARM.Collect$$libinit$$00000019          0x000004ca   Section        0  libinit2.o(.ARM.Collect$$libinit$$00000019)
    .ARM.Collect$$libinit$$0000001B          0x000004ca   Section        0  libinit2.o(.ARM.Collect$$libinit$$0000001B)
    .ARM.Collect$$libinit$$0000001D          0x000004ca   Section        0  libinit2.o(.ARM.Collect$$libinit$$0000001D)
    .ARM.Collect$$libinit$$0000001F          0x000004ca   Section        0  libinit2.o(.ARM.Collect$$libinit$$0000001F)
    .ARM.Collect$$libinit$$00000021          0x000004ca   Section        0  libinit2.o(.ARM.Collect$$libinit$$00000021)
    .ARM.Collect$$libinit$$00000023          0x000004ca   Section        0  libinit2.o(.ARM.Collect$$libinit$$00000023)
    .ARM.Collect$$libinit$$00000025          0x000004ca   Section        0  libinit2.o(.ARM.Collect$$libinit$$00000025)
    .ARM.Collect$$libinit$$0000002C          0x000004ca   Section        0  libinit2.o(.ARM.Collect$$libinit$$0000002C)
    .ARM.Collect$$libinit$$0000002E          0x000004ca   Section        0  libinit2.o(.ARM.Collect$$libinit$$0000002E)
    .ARM.Collect$$libinit$$00000030          0x000004ca   Section        0  libinit2.o(.ARM.Collect$$libinit$$00000030)
    .ARM.Collect$$libinit$$00000032          0x000004ca   Section        0  libinit2.o(.ARM.Collect$$libinit$$00000032)
    .ARM.Collect$$libinit$$00000033          0x000004ca   Section        2  libinit2.o(.ARM.Collect$$libinit$$00000033)
    .ARM.Collect$$libshutdown$$00000000      0x000004cc   Section        2  libshutdown.o(.ARM.Collect$$libshutdown$$00000000)
    .ARM.Collect$$libshutdown$$00000002      0x000004ce   Section        0  libshutdown2.o(.ARM.Collect$$libshutdown$$00000002)
    .ARM.Collect$$libshutdown$$00000004      0x000004ce   Section        0  libshutdown2.o(.ARM.Collect$$libshutdown$$00000004)
    .ARM.Collect$$libshutdown$$00000007      0x000004ce   Section        0  libshutdown2.o(.ARM.Collect$$libshutdown$$00000007)
    .ARM.Collect$$libshutdown$$0000000A      0x000004ce   Section        0  libshutdown2.o(.ARM.Collect$$libshutdown$$0000000A)
    .ARM.Collect$$libshutdown$$0000000C      0x000004ce   Section        0  libshutdown2.o(.ARM.Collect$$libshutdown$$0000000C)
    .ARM.Collect$$libshutdown$$0000000F      0x000004ce   Section        0  libshutdown2.o(.ARM.Collect$$libshutdown$$0000000F)
    .ARM.Collect$$libshutdown$$00000010      0x000004ce   Section        2  libshutdown2.o(.ARM.Collect$$libshutdown$$00000010)
    .ARM.Collect$$rtentry$$00000000          0x000004d0   Section        0  __rtentry.o(.ARM.Collect$$rtentry$$00000000)
    .ARM.Collect$$rtentry$$00000002          0x000004d0   Section        0  __rtentry2.o(.ARM.Collect$$rtentry$$00000002)
    .ARM.Collect$$rtentry$$00000004          0x000004d0   Section        6  __rtentry4.o(.ARM.Collect$$rtentry$$00000004)
    .ARM.Collect$$rtentry$$00000009          0x000004d6   Section        0  __rtentry2.o(.ARM.Collect$$rtentry$$00000009)
    .ARM.Collect$$rtentry$$0000000A          0x000004d6   Section        4  __rtentry2.o(.ARM.Collect$$rtentry$$0000000A)
    .ARM.Collect$$rtentry$$0000000C          0x000004da   Section        0  __rtentry2.o(.ARM.Collect$$rtentry$$0000000C)
    .ARM.Collect$$rtentry$$0000000D          0x000004da   Section        8  __rtentry2.o(.ARM.Collect$$rtentry$$0000000D)
    .ARM.Collect$$rtexit$$00000000           0x000004e2   Section        2  rtexit.o(.ARM.Collect$$rtexit$$00000000)
    .ARM.Collect$$rtexit$$00000002           0x000004e4   Section        0  rtexit2.o(.ARM.Collect$$rtexit$$00000002)
    .ARM.Collect$$rtexit$$00000003           0x000004e4   Section        4  rtexit2.o(.ARM.Collect$$rtexit$$00000003)
    .ARM.Collect$$rtexit$$00000004           0x000004e8   Section        6  rtexit2.o(.ARM.Collect$$rtexit$$00000004)
    .text                                    0x000004f0   Section       64  startup_mk66f18.o(.text)
    $v0                                      0x000004f0   Number         0  startup_mk66f18.o(.text)
    .text                                    0x00000530   Section       78  rt_memclr_w.o(.text)
    .text                                    0x0000057e   Section        0  heapauxi.o(.text)
    .text                                    0x00000584   Section        8  libspace.o(.text)
    .text                                    0x0000058c   Section        2  use_no_semi.o(.text)
    .text                                    0x0000058e   Section        0  indicate_semi.o(.text)
    .text                                    0x0000058e   Section       74  sys_stackheap_outer.o(.text)
    .text                                    0x000005d8   Section        0  exit.o(.text)
    .text                                    0x000005ec   Section        0  sys_exit.o(.text)
    i.Check_stop                             0x000005f8   Section        0  findline.o(i.Check_stop)
    i.DMA0_IRQHandler                        0x000006b4   Section        0  isr.o(i.DMA0_IRQHandler)
    i.Disable_Wdog                           0x000006bc   Section        0  system_mk66.o(i.Disable_Wdog)
    i.FLASH_EraseSector                      0x000006d8   Section        0  mk60_flash.o(i.FLASH_EraseSector)
    i.FLASH_Init                             0x0000070c   Section        0  mk60_flash.o(i.FLASH_Init)
    i.FLASH_WriteSector                      0x00000718   Section        0  mk60_flash.o(i.FLASH_WriteSector)
    i.FTM_port_mux                           0x0000078c   Section        0  mk60_ftm.o(i.FTM_port_mux)
    i.FlashCmdStart                          0x00000898   Section        0  mk60_flash.o(i.FlashCmdStart)
    FlashCmdStart                            0x00000899   Thumb Code    38  mk60_flash.o(i.FlashCmdStart)
    i.Flash_Read                             0x000008cc   Section        0  key.o(i.Flash_Read)
    i.I2C_SendACK                            0x00000920   Section        0  seekfree_iic.o(i.I2C_SendACK)
    i.IIC_init                               0x0000095e   Section        0  seekfree_iic.o(i.IIC_init)
    i.IIC_start                              0x00000986   Section        0  seekfree_iic.o(i.IIC_start)
    i.IIC_stop                               0x000009b2   Section        0  seekfree_iic.o(i.IIC_stop)
    i.Image_Decompression                    0x000009e4   Section        0  seekfree_7725.o(i.Image_Decompression)
    i.KEY6_Scan                              0x00000a24   Section        0  key.o(i.KEY6_Scan)
    i.KEY_Scan                               0x00000a8c   Section        0  key.o(i.KEY_Scan)
    i.Motor_PID_init                         0x00000a94   Section        0  pid.o(i.Motor_PID_init)
    i.Motor_control                          0x00000ab0   Section        0  pid.o(i.Motor_control)
    i.NMI_Handler                            0x00000e24   Section        0  system_mk66.o(i.NMI_Handler)
    i.NVIC_EnableIRQ                         0x00000e26   Section        0  isr.o(i.NVIC_EnableIRQ)
    NVIC_EnableIRQ                           0x00000e27   Thumb Code    22  isr.o(i.NVIC_EnableIRQ)
    i.NVIC_EnableIRQ                         0x00000e3c   Section        0  seekfree_7725.o(i.NVIC_EnableIRQ)
    NVIC_EnableIRQ                           0x00000e3d   Thumb Code    22  seekfree_7725.o(i.NVIC_EnableIRQ)
    i.NVIC_SetPriority                       0x00000e54   Section        0  isr.o(i.NVIC_SetPriority)
    NVIC_SetPriority                         0x00000e55   Thumb Code    32  isr.o(i.NVIC_SetPriority)
    i.OLED_DLY_ms                            0x00000e7c   Section        0  seekfree_oled.o(i.OLED_DLY_ms)
    i.OLED_Fill                              0x00000e98   Section        0  seekfree_oled.o(i.OLED_Fill)
    i.OLED_Init                              0x00000ed2   Section        0  seekfree_oled.o(i.OLED_Init)
    i.OLED_P6x8Str                           0x00000ffc   Section        0  seekfree_oled.o(i.OLED_P6x8Str)
    i.OLED_Print_Num2                        0x00001060   Section        0  seekfree_oled.o(i.OLED_Print_Num2)
    i.OLED_Set_Pos                           0x0000111c   Section        0  seekfree_oled.o(i.OLED_Set_Pos)
    i.OLED_WrCmd                             0x00001144   Section        0  seekfree_oled.o(i.OLED_WrCmd)
    i.OLED_WrDat                             0x00001194   Section        0  seekfree_oled.o(i.OLED_WrDat)
    i.PIT0_IRQHandler                        0x000011e4   Section        0  isr.o(i.PIT0_IRQHandler)
    i.PIT1_IRQHandler                        0x0000121c   Section        0  isr.o(i.PIT1_IRQHandler)
    i.PIT3_IRQHandler                        0x00001248   Section        0  isr.o(i.PIT3_IRQHandler)
    i.PORTA_IRQHandler                       0x000012ac   Section        0  isr.o(i.PORTA_IRQHandler)
    i.PORTA_init                             0x00001310   Section        0  isr.o(i.PORTA_init)
    i.PORTC_IRQHandler                       0x00001322   Section        0  isr.o(i.PORTC_IRQHandler)
    i.SCCB_WaitAck                           0x0000132a   Section        0  seekfree_iic.o(i.SCCB_WaitAck)
    SCCB_WaitAck                             0x0000132b   Thumb Code    86  seekfree_iic.o(i.SCCB_WaitAck)
    i.SE_PID_init                            0x00001380   Section        0  pid.o(i.SE_PID_init)
    i.SE_control                             0x0000139c   Section        0  pid.o(i.SE_control)
    i.SE_init                                0x000017ac   Section        0  steering engine.o(i.SE_init)
    i.SPEED_Filter                           0x000017c0   Section        0  pid.o(i.SPEED_Filter)
    i.SYSTEM_CLK                             0x0000194c   Section        0  system_mk66.o(i.SYSTEM_CLK)
    i.Start                                  0x00001a04   Section        0  system_mk66.o(i.Start)
    i.UART3_RX_TX_IRQHandler                 0x00001a2c   Section        0  isr.o(i.UART3_RX_TX_IRQHandler)
    i.adc_config                             0x00001a48   Section        0  dianci.o(i.adc_config)
    i.adc_init                               0x00001a7c   Section        0  mk60_adc.o(i.adc_init)
    i.adc_once                               0x00001c2c   Section        0  mk60_adc.o(i.adc_once)
    i.adc_start                              0x00001c78   Section        0  mk60_adc.o(i.adc_start)
    i.boma                                   0x00001cb0   Section        0  key.o(i.boma)
    i.dianci                                 0x00001d6c   Section        0  dianci.o(i.dianci)
    i.dis_bmp                                0x000023f8   Section        0  seekfree_oled.o(i.dis_bmp)
    i.div_set                                0x000025d0   Section        0  system_mk66.o(i.div_set)
    i.dma_portx2buff_init                    0x0000261c   Section        0  mk60_dma.o(i.dma_portx2buff_init)
    i.findline                               0x000027c0   Section        0  findline.o(i.findline)
    i.ftm_pwm_duty                           0x00002be8   Section        0  mk60_ftm.o(i.ftm_pwm_duty)
    i.ftm_pwm_init                           0x00002c50   Section        0  mk60_ftm.o(i.ftm_pwm_init)
    i.ftm_quad_clean                         0x00002d6c   Section        0  mk60_ftm.o(i.ftm_quad_clean)
    i.ftm_quad_get                           0x00002d7c   Section        0  mk60_ftm.o(i.ftm_quad_get)
    i.ftm_quad_init                          0x00002d90   Section        0  mk60_ftm.o(i.ftm_quad_init)
    i.get_clk                                0x00002e74   Section        0  common.o(i.get_clk)
    i.gpio_ddr                               0x00002ee8   Section        0  mk60_gpio.o(i.gpio_ddr)
    i.gpio_get                               0x00002f38   Section        0  mk60_gpio.o(i.gpio_get)
    i.gpio_init                              0x00002f64   Section        0  mk60_gpio.o(i.gpio_init)
    i.gpio_set                               0x00003038   Section        0  mk60_gpio.o(i.gpio_set)
    i.jiaquan_error1                         0x00003080   Section        0  findline.o(i.jiaquan_error1)
    i.jizhunhang                             0x00003134   Section        0  findline.o(i.jizhunhang)
    i.key                                    0x00003314   Section        0  key.o(i.key)
    i.main                                   0x00003604   Section        0  main.o(i.main)
    i.motor_init                             0x0000367c   Section        0  motor.o(i.motor_init)
    i.mt9v032_cof_uart_interrupt             0x0000369c   Section        0  seekfree_mt9v032.o(i.mt9v032_cof_uart_interrupt)
    i.ov7725_dma                             0x000036ec   Section        0  seekfree_7725.o(i.ov7725_dma)
    i.ov7725_init                            0x00003708   Section        0  seekfree_7725.o(i.ov7725_init)
    i.ov7725_port_init                       0x0000371c   Section        0  seekfree_7725.o(i.ov7725_port_init)
    i.ov7725_reg_init                        0x0000379c   Section        0  seekfree_7725.o(i.ov7725_reg_init)
    i.ov7725_vsync                           0x000039dc   Section        0  seekfree_7725.o(i.ov7725_vsync)
    i.paper1                                 0x00003a24   Section        0  key.o(i.paper1)
    i.paper2                                 0x00003b2c   Section        0  key.o(i.paper2)
    i.paper3                                 0x00003c74   Section        0  key.o(i.paper3)
    i.paper4                                 0x00003d3c   Section        0  key.o(i.paper4)
    i.pit0_init                              0x00003e20   Section        0  isr.o(i.pit0_init)
    i.pit1_init                              0x00003e50   Section        0  isr.o(i.pit1_init)
    i.pit3_init                              0x00003e7c   Section        0  isr.o(i.pit3_init)
    i.pit_init                               0x00003eac   Section        0  mk60_pit.o(i.pit_init)
    i.pit_time_get                           0x00003f08   Section        0  mk60_pit.o(i.pit_time_get)
    i.pit_time_start                         0x00003f5c   Section        0  mk60_pit.o(i.pit_time_start)
    i.port_init                              0x00003fb8   Section        0  mk60_port.o(i.port_init)
    i.port_init_NoAlt                        0x0000402c   Section        0  mk60_port.o(i.port_init_NoAlt)
    i.pow10                                  0x00004080   Section        0  seekfree_oled.o(i.pow10)
    i.read_ch                                0x00004096   Section        0  seekfree_iic.o(i.read_ch)
    i.rowflag                                0x0000410c   Section        0  key.o(i.rowflag)
    i.saveflash                              0x000041fc   Section        0  key.o(i.saveflash)
    i.send_ch                                0x00004294   Section        0  seekfree_iic.o(i.send_ch)
    i.simiic_delay                           0x000042e0   Section        0  seekfree_iic.o(i.simiic_delay)
    i.simiic_read_reg                        0x000042f2   Section        0  seekfree_iic.o(i.simiic_read_reg)
    i.simiic_write_reg                       0x0000433a   Section        0  seekfree_iic.o(i.simiic_write_reg)
    i.systick_delay                          0x00004364   Section        0  mk60_systick.o(i.systick_delay)
    i.systick_delay_ms                       0x00004390   Section        0  mk60_systick.o(i.systick_delay_ms)
    i.uart_getchar                           0x000043b4   Section        0  mk60_uart.o(i.uart_getchar)
    i.uart_init                              0x000043d8   Section        0  mk60_uart.o(i.uart_init)
    x$fpl$dadd                               0x000045b0   Section      336  daddsub_clz.o(x$fpl$dadd)
    $v0                                      0x000045b0   Number         0  daddsub_clz.o(x$fpl$dadd)
    _dadd1                                   0x000045c1   Thumb Code     0  daddsub_clz.o(x$fpl$dadd)
    x$fpl$dfix                               0x00004700   Section       94  dfix.o(x$fpl$dfix)
    $v0                                      0x00004700   Number         0  dfix.o(x$fpl$dfix)
    x$fpl$dflt                               0x0000475e   Section       46  dflt_clz.o(x$fpl$dflt)
    $v0                                      0x0000475e   Number         0  dflt_clz.o(x$fpl$dflt)
    x$fpl$dmul                               0x0000478c   Section      340  dmul.o(x$fpl$dmul)
    $v0                                      0x0000478c   Number         0  dmul.o(x$fpl$dmul)
    x$fpl$dnaninf                            0x000048e0   Section      156  dnaninf.o(x$fpl$dnaninf)
    $v0                                      0x000048e0   Number         0  dnaninf.o(x$fpl$dnaninf)
    x$fpl$dretinf                            0x0000497c   Section       12  dretinf.o(x$fpl$dretinf)
    $v0                                      0x0000497c   Number         0  dretinf.o(x$fpl$dretinf)
    x$fpl$dsub                               0x00004988   Section      468  daddsub_clz.o(x$fpl$dsub)
    $v0                                      0x00004988   Number         0  daddsub_clz.o(x$fpl$dsub)
    _dsub1                                   0x00004999   Thumb Code     0  daddsub_clz.o(x$fpl$dsub)
    x$fpl$fpinit                             0x00004b5c   Section       10  fpinit.o(x$fpl$fpinit)
    $v0                                      0x00004b5c   Number         0  fpinit.o(x$fpl$fpinit)
    x$fpl$usenofp                            0x00004b66   Section        0  usenofp.o(x$fpl$usenofp)
    .constdata                               0x00004b68   Section        8  mk60_adc.o(.constdata)
    .constdata                               0x00004b70   Section       16  mk60_ftm.o(.constdata)
    FTMX                                     0x00004b70   Data          16  mk60_ftm.o(.constdata)
    .constdata                               0x00004b80   Section       40  mk60_gpio.o(.constdata)
    PORTX                                    0x00004b80   Data          20  mk60_gpio.o(.constdata)
    GPIOX                                    0x00004b94   Data          20  mk60_gpio.o(.constdata)
    .constdata                               0x00004ba8   Section       40  mk60_port.o(.constdata)
    PORTX                                    0x00004ba8   Data          20  mk60_port.o(.constdata)
    GPIOX                                    0x00004bbc   Data          20  mk60_port.o(.constdata)
    .constdata                               0x00004bd0   Section     2072  seekfree_oled.o(.constdata)
    .data                                    0x20000000   Section       12  common.o(.data)
    .data                                    0x2000000c   Section       20  mk60_flash.o(.data)
    .data                                    0x20000020   Section        6  mk60_ftm.o(.data)
    .data                                    0x20000028   Section       20  mk60_uart.o(.data)
    .data                                    0x2000003c   Section       20  isr.o(.data)
    .data                                    0x20000050   Section      180  findline.o(.data)
    .data                                    0x20000104   Section       80  pid.o(.data)
    .data                                    0x20000154   Section       20  key.o(.data)
    status                                   0x20000166   Data           1  key.o(.data)
    status                                   0x20000167   Data           1  key.o(.data)
    .data                                    0x20000168   Section       60  dianci.o(.data)
    flag_r                                   0x2000019c   Data           4  dianci.o(.data)
    flag_l                                   0x200001a0   Data           4  dianci.o(.data)
    .data                                    0x200001a4   Section        2  seekfree_7725.o(.data)
    .data                                    0x200001a6   Section       77  seekfree_mt9v032.o(.data)
    .bss                                     0x200001f4   Section     1200  findline.o(.bss)
    .bss                                     0x200006a4   Section      108  pid.o(.bss)
    .bss                                     0x20000710   Section     5400  seekfree_7725.o(.bss)
    .bss                                     0x20001c28   Section       96  libspace.o(.bss)
    HEAP                                     0x20001c88   Section        0  startup_mk66f18.o(HEAP)
    STACK                                    0x20001c88   Section     1024  startup_mk66f18.o(STACK)
    Heap_Mem                                 0x20001c88   Data           0  startup_mk66f18.o(HEAP)
    Stack_Mem                                0x20001c88   Data        1024  startup_mk66f18.o(STACK)
    __initial_sp                             0x20002088   Data           0  startup_mk66f18.o(STACK)

    Global Symbols

    Symbol Name                              Value     Ov Type        Size  Object(Section)

    BuildAttributes$$THM_ISAv4$E$P$D$K$B$S$7EM$VFPi3$EXTD16$VFPS$VFMA$PE$A:L22UL41UL21$X:L11$S22US41US21$IEEE1$IW$USESV6$~STKCKD$USESV7$~SHL$OTIME$ROPI$EBA8$UX$STANDARDLIB$REQ8$PRES8$EABIv2 0x00000000   Number         0  anon$$obj.o ABSOLUTE
    __ARM_use_no_argv                        0x00000000   Number         0  main.o ABSOLUTE
    __Vectors                                0x00000000   Data           4  startup_mk66f18.o(RESET)
    __ARM_exceptions_init                     - Undefined Weak Reference
    __alloca_initialize                       - Undefined Weak Reference
    __arm_preinit_                            - Undefined Weak Reference
    __cpp_initialize__aeabi_                  - Undefined Weak Reference
    __cxa_finalize                            - Undefined Weak Reference
    __rt_locale                               - Undefined Weak Reference
    __sigvec_lookup                           - Undefined Weak Reference
    __user_heap_extent                        - Undefined Weak Reference
    _atexit_init                              - Undefined Weak Reference
    _call_atexit_fns                          - Undefined Weak Reference
    _clock_init                               - Undefined Weak Reference
    _fp_trap_init                             - Undefined Weak Reference
    _fp_trap_shutdown                         - Undefined Weak Reference
    _get_lc_collate                           - Undefined Weak Reference
    _get_lc_ctype                             - Undefined Weak Reference
    _get_lc_monetary                          - Undefined Weak Reference
    _get_lc_numeric                           - Undefined Weak Reference
    _get_lc_time                              - Undefined Weak Reference
    _getenv_init                              - Undefined Weak Reference
    _handle_redirection                       - Undefined Weak Reference
    _initio                                   - Undefined Weak Reference
    _mutex_acquire                            - Undefined Weak Reference
    _mutex_free                               - Undefined Weak Reference
    _mutex_release                            - Undefined Weak Reference
    _rand_init                                - Undefined Weak Reference
    _signal_finish                            - Undefined Weak Reference
    _signal_init                              - Undefined Weak Reference
    _terminateio                              - Undefined Weak Reference
    __Vectors_End                            0x00000400   Data           0  startup_mk66f18.o(RESET)
    __Vectors_Size                           0x00000400   Number         0  startup_mk66f18.o ABSOLUTE
    __main                                   0x00000411   Thumb Code     8  __main.o(!!!main)
    __scatterload                            0x00000419   Thumb Code     0  __scatter.o(!!!scatter)
    __scatterload_rt2                        0x00000419   Thumb Code    44  __scatter.o(!!!scatter)
    __scatterload_rt2_thumb_only             0x00000419   Thumb Code     0  __scatter.o(!!!scatter)
    __scatterload_null                       0x00000427   Thumb Code     0  __scatter.o(!!!scatter)
    __decompress                             0x0000044d   Thumb Code    90  __dczerorl2.o(!!dczerorl2)
    __decompress1                            0x0000044d   Thumb Code     0  __dczerorl2.o(!!dczerorl2)
    __scatterload_zeroinit                   0x000004a9   Thumb Code    28  __scatter_zi.o(!!handler_zi)
    __rt_lib_init                            0x000004c5   Thumb Code     0  libinit.o(.ARM.Collect$$libinit$$00000000)
    __rt_lib_init_fp_1                       0x000004c7   Thumb Code     0  libinit2.o(.ARM.Collect$$libinit$$00000001)
    __rt_lib_init_alloca_1                   0x000004cb   Thumb Code     0  libinit2.o(.ARM.Collect$$libinit$$0000002E)
    __rt_lib_init_argv_1                     0x000004cb   Thumb Code     0  libinit2.o(.ARM.Collect$$libinit$$0000002C)
    __rt_lib_init_atexit_1                   0x000004cb   Thumb Code     0  libinit2.o(.ARM.Collect$$libinit$$0000001B)
    __rt_lib_init_clock_1                    0x000004cb   Thumb Code     0  libinit2.o(.ARM.Collect$$libinit$$00000021)
    __rt_lib_init_cpp_1                      0x000004cb   Thumb Code     0  libinit2.o(.ARM.Collect$$libinit$$00000032)
    __rt_lib_init_exceptions_1               0x000004cb   Thumb Code     0  libinit2.o(.ARM.Collect$$libinit$$00000030)
    __rt_lib_init_fp_trap_1                  0x000004cb   Thumb Code     0  libinit2.o(.ARM.Collect$$libinit$$0000001F)
    __rt_lib_init_getenv_1                   0x000004cb   Thumb Code     0  libinit2.o(.ARM.Collect$$libinit$$00000023)
    __rt_lib_init_heap_1                     0x000004cb   Thumb Code     0  libinit2.o(.ARM.Collect$$libinit$$0000000A)
    __rt_lib_init_lc_collate_1               0x000004cb   Thumb Code     0  libinit2.o(.ARM.Collect$$libinit$$00000011)
    __rt_lib_init_lc_ctype_1                 0x000004cb   Thumb Code     0  libinit2.o(.ARM.Collect$$libinit$$00000013)
    __rt_lib_init_lc_monetary_1              0x000004cb   Thumb Code     0  libinit2.o(.ARM.Collect$$libinit$$00000015)
    __rt_lib_init_lc_numeric_1               0x000004cb   Thumb Code     0  libinit2.o(.ARM.Collect$$libinit$$00000017)
    __rt_lib_init_lc_time_1                  0x000004cb   Thumb Code     0  libinit2.o(.ARM.Collect$$libinit$$00000019)
    __rt_lib_init_preinit_1                  0x000004cb   Thumb Code     0  libinit2.o(.ARM.Collect$$libinit$$00000004)
    __rt_lib_init_rand_1                     0x000004cb   Thumb Code     0  libinit2.o(.ARM.Collect$$libinit$$0000000E)
    __rt_lib_init_return                     0x000004cb   Thumb Code     0  libinit2.o(.ARM.Collect$$libinit$$00000033)
    __rt_lib_init_signal_1                   0x000004cb   Thumb Code     0  libinit2.o(.ARM.Collect$$libinit$$0000001D)
    __rt_lib_init_stdio_1                    0x000004cb   Thumb Code     0  libinit2.o(.ARM.Collect$$libinit$$00000025)
    __rt_lib_init_user_alloc_1               0x000004cb   Thumb Code     0  libinit2.o(.ARM.Collect$$libinit$$0000000C)
    __rt_lib_shutdown                        0x000004cd   Thumb Code     0  libshutdown.o(.ARM.Collect$$libshutdown$$00000000)
    __rt_lib_shutdown_cpp_1                  0x000004cf   Thumb Code     0  libshutdown2.o(.ARM.Collect$$libshutdown$$00000002)
    __rt_lib_shutdown_fp_trap_1              0x000004cf   Thumb Code     0  libshutdown2.o(.ARM.Collect$$libshutdown$$00000007)
    __rt_lib_shutdown_heap_1                 0x000004cf   Thumb Code     0  libshutdown2.o(.ARM.Collect$$libshutdown$$0000000F)
    __rt_lib_shutdown_return                 0x000004cf   Thumb Code     0  libshutdown2.o(.ARM.Collect$$libshutdown$$00000010)
    __rt_lib_shutdown_signal_1               0x000004cf   Thumb Code     0  libshutdown2.o(.ARM.Collect$$libshutdown$$0000000A)
    __rt_lib_shutdown_stdio_1                0x000004cf   Thumb Code     0  libshutdown2.o(.ARM.Collect$$libshutdown$$00000004)
    __rt_lib_shutdown_user_alloc_1           0x000004cf   Thumb Code     0  libshutdown2.o(.ARM.Collect$$libshutdown$$0000000C)
    __rt_entry                               0x000004d1   Thumb Code     0  __rtentry.o(.ARM.Collect$$rtentry$$00000000)
    __rt_entry_presh_1                       0x000004d1   Thumb Code     0  __rtentry2.o(.ARM.Collect$$rtentry$$00000002)
    __rt_entry_sh                            0x000004d1   Thumb Code     0  __rtentry4.o(.ARM.Collect$$rtentry$$00000004)
    __rt_entry_li                            0x000004d7   Thumb Code     0  __rtentry2.o(.ARM.Collect$$rtentry$$0000000A)
    __rt_entry_postsh_1                      0x000004d7   Thumb Code     0  __rtentry2.o(.ARM.Collect$$rtentry$$00000009)
    __rt_entry_main                          0x000004db   Thumb Code     0  __rtentry2.o(.ARM.Collect$$rtentry$$0000000D)
    __rt_entry_postli_1                      0x000004db   Thumb Code     0  __rtentry2.o(.ARM.Collect$$rtentry$$0000000C)
    __rt_exit                                0x000004e3   Thumb Code     0  rtexit.o(.ARM.Collect$$rtexit$$00000000)
    __rt_exit_ls                             0x000004e5   Thumb Code     0  rtexit2.o(.ARM.Collect$$rtexit$$00000003)
    __rt_exit_prels_1                        0x000004e5   Thumb Code     0  rtexit2.o(.ARM.Collect$$rtexit$$00000002)
    __rt_exit_exit                           0x000004e9   Thumb Code     0  rtexit2.o(.ARM.Collect$$rtexit$$00000004)
    Reset_Handler                            0x000004f1   Thumb Code    12  startup_mk66f18.o(.text)
    HardFault_Handler                        0x000004ff   Thumb Code     2  startup_mk66f18.o(.text)
    MemManage_Handler                        0x00000501   Thumb Code     2  startup_mk66f18.o(.text)
    BusFault_Handler                         0x00000503   Thumb Code     2  startup_mk66f18.o(.text)
    UsageFault_Handler                       0x00000505   Thumb Code     2  startup_mk66f18.o(.text)
    SVC_Handler                              0x00000507   Thumb Code     2  startup_mk66f18.o(.text)
    DebugMon_Handler                         0x00000509   Thumb Code     2  startup_mk66f18.o(.text)
    PendSV_Handler                           0x0000050b   Thumb Code     2  startup_mk66f18.o(.text)
    SysTick_Handler                          0x0000050d   Thumb Code     2  startup_mk66f18.o(.text)
    ADC0_IRQHandler                          0x0000050f   Thumb Code     0  startup_mk66f18.o(.text)
    ADC1_IRQHandler                          0x0000050f   Thumb Code     0  startup_mk66f18.o(.text)
    CAN0_Bus_Off_IRQHandler                  0x0000050f   Thumb Code     0  startup_mk66f18.o(.text)
    CAN0_Error_IRQHandler                    0x0000050f   Thumb Code     0  startup_mk66f18.o(.text)
    CAN0_ORed_Message_buffer_IRQHandler      0x0000050f   Thumb Code     0  startup_mk66f18.o(.text)
    CAN0_Rx_Warning_IRQHandler               0x0000050f   Thumb Code     0  startup_mk66f18.o(.text)
    CAN0_Tx_Warning_IRQHandler               0x0000050f   Thumb Code     0  startup_mk66f18.o(.text)
    CAN0_Wake_Up_IRQHandler                  0x0000050f   Thumb Code     0  startup_mk66f18.o(.text)
    CAN1_Bus_Off_IRQHandler                  0x0000050f   Thumb Code     0  startup_mk66f18.o(.text)
    CAN1_Error_IRQHandler                    0x0000050f   Thumb Code     0  startup_mk66f18.o(.text)
    CAN1_ORed_Message_buffer_IRQHandler      0x0000050f   Thumb Code     0  startup_mk66f18.o(.text)
    CAN1_Rx_Warning_IRQHandler               0x0000050f   Thumb Code     0  startup_mk66f18.o(.text)
    CAN1_Tx_Warning_IRQHandler               0x0000050f   Thumb Code     0  startup_mk66f18.o(.text)
    CAN1_Wake_Up_IRQHandler                  0x0000050f   Thumb Code     0  startup_mk66f18.o(.text)
    CMP0_IRQHandler                          0x0000050f   Thumb Code     0  startup_mk66f18.o(.text)
    CMP1_IRQHandler                          0x0000050f   Thumb Code     0  startup_mk66f18.o(.text)
    CMP2_IRQHandler                          0x0000050f   Thumb Code     0  startup_mk66f18.o(.text)
    CMP3_IRQHandler                          0x0000050f   Thumb Code     0  startup_mk66f18.o(.text)
    CMT_IRQHandler                           0x0000050f   Thumb Code     0  startup_mk66f18.o(.text)
    DAC0_IRQHandler                          0x0000050f   Thumb Code     0  startup_mk66f18.o(.text)
    DAC1_IRQHandler                          0x0000050f   Thumb Code     0  startup_mk66f18.o(.text)
    DMA10_IRQHandler                         0x0000050f   Thumb Code     0  startup_mk66f18.o(.text)
    DMA11_IRQHandler                         0x0000050f   Thumb Code     0  startup_mk66f18.o(.text)
    DMA12_IRQHandler                         0x0000050f   Thumb Code     0  startup_mk66f18.o(.text)
    DMA13_IRQHandler                         0x0000050f   Thumb Code     0  startup_mk66f18.o(.text)
    DMA14_IRQHandler                         0x0000050f   Thumb Code     0  startup_mk66f18.o(.text)
    DMA15_IRQHandler                         0x0000050f   Thumb Code     0  startup_mk66f18.o(.text)
    DMA1_IRQHandler                          0x0000050f   Thumb Code     0  startup_mk66f18.o(.text)
    DMA2_IRQHandler                          0x0000050f   Thumb Code     0  startup_mk66f18.o(.text)
    DMA3_IRQHandler                          0x0000050f   Thumb Code     0  startup_mk66f18.o(.text)
    DMA4_IRQHandler                          0x0000050f   Thumb Code     0  startup_mk66f18.o(.text)
    DMA5_IRQHandler                          0x0000050f   Thumb Code     0  startup_mk66f18.o(.text)
    DMA6_IRQHandler                          0x0000050f   Thumb Code     0  startup_mk66f18.o(.text)
    DMA7_IRQHandler                          0x0000050f   Thumb Code     0  startup_mk66f18.o(.text)
    DMA8_IRQHandler                          0x0000050f   Thumb Code     0  startup_mk66f18.o(.text)
    DMA9_IRQHandler                          0x0000050f   Thumb Code     0  startup_mk66f18.o(.text)
    DMA_Error_IRQHandler                     0x0000050f   Thumb Code     0  startup_mk66f18.o(.text)
    DefaultISR                               0x0000050f   Thumb Code     0  startup_mk66f18.o(.text)
    ENET_1588_Timer_IRQHandler               0x0000050f   Thumb Code     0  startup_mk66f18.o(.text)
    ENET_Error_IRQHandler                    0x0000050f   Thumb Code     0  startup_mk66f18.o(.text)
    ENET_Receive_IRQHandler                  0x0000050f   Thumb Code     0  startup_mk66f18.o(.text)
    ENET_Transmit_IRQHandler                 0x0000050f   Thumb Code     0  startup_mk66f18.o(.text)
    FTFE_IRQHandler                          0x0000050f   Thumb Code     0  startup_mk66f18.o(.text)
    FTM0_IRQHandler                          0x0000050f   Thumb Code     0  startup_mk66f18.o(.text)
    FTM1_IRQHandler                          0x0000050f   Thumb Code     0  startup_mk66f18.o(.text)
    FTM2_IRQHandler                          0x0000050f   Thumb Code     0  startup_mk66f18.o(.text)
    FTM3_IRQHandler                          0x0000050f   Thumb Code     0  startup_mk66f18.o(.text)
    I2C0_IRQHandler                          0x0000050f   Thumb Code     0  startup_mk66f18.o(.text)
    I2C1_IRQHandler                          0x0000050f   Thumb Code     0  startup_mk66f18.o(.text)
    I2C2_IRQHandler                          0x0000050f   Thumb Code     0  startup_mk66f18.o(.text)
    I2C3_IRQHandler                          0x0000050f   Thumb Code     0  startup_mk66f18.o(.text)
    I2S0_Rx_IRQHandler                       0x0000050f   Thumb Code     0  startup_mk66f18.o(.text)
    I2S0_Tx_IRQHandler                       0x0000050f   Thumb Code     0  startup_mk66f18.o(.text)
    LLWU_IRQHandler                          0x0000050f   Thumb Code     0  startup_mk66f18.o(.text)
    LPTMR0_IRQHandler                        0x0000050f   Thumb Code     0  startup_mk66f18.o(.text)
    LPUART0_IRQHandler                       0x0000050f   Thumb Code     0  startup_mk66f18.o(.text)
    LVD_LVW_IRQHandler                       0x0000050f   Thumb Code     0  startup_mk66f18.o(.text)
    MCG_IRQHandler                           0x0000050f   Thumb Code     0  startup_mk66f18.o(.text)
    MCM_IRQHandler                           0x0000050f   Thumb Code     0  startup_mk66f18.o(.text)
    PDB0_IRQHandler                          0x0000050f   Thumb Code     0  startup_mk66f18.o(.text)
    PIT2_IRQHandler                          0x0000050f   Thumb Code     0  startup_mk66f18.o(.text)
    PORTB_IRQHandler                         0x0000050f   Thumb Code     0  startup_mk66f18.o(.text)
    PORTD_IRQHandler                         0x0000050f   Thumb Code     0  startup_mk66f18.o(.text)
    PORTE_IRQHandler                         0x0000050f   Thumb Code     0  startup_mk66f18.o(.text)
    RNG_IRQHandler                           0x0000050f   Thumb Code     0  startup_mk66f18.o(.text)
    RTC_IRQHandler                           0x0000050f   Thumb Code     0  startup_mk66f18.o(.text)
    RTC_Seconds_IRQHandler                   0x0000050f   Thumb Code     0  startup_mk66f18.o(.text)
    Read_Collision_IRQHandler                0x0000050f   Thumb Code     0  startup_mk66f18.o(.text)
    Reserved46_IRQHandler                    0x0000050f   Thumb Code     0  startup_mk66f18.o(.text)
    Reserved71_IRQHandler                    0x0000050f   Thumb Code     0  startup_mk66f18.o(.text)
    Reserved84_IRQHandler                    0x0000050f   Thumb Code     0  startup_mk66f18.o(.text)
    Reserved85_IRQHandler                    0x0000050f   Thumb Code     0  startup_mk66f18.o(.text)
    SDHC_IRQHandler                          0x0000050f   Thumb Code     0  startup_mk66f18.o(.text)
    SPI0_IRQHandler                          0x0000050f   Thumb Code     0  startup_mk66f18.o(.text)
    SPI1_IRQHandler                          0x0000050f   Thumb Code     0  startup_mk66f18.o(.text)
    SPI2_IRQHandler                          0x0000050f   Thumb Code     0  startup_mk66f18.o(.text)
    SWI_IRQHandler                           0x0000050f   Thumb Code     0  startup_mk66f18.o(.text)
    TPM1_IRQHandler                          0x0000050f   Thumb Code     0  startup_mk66f18.o(.text)
    TPM2_IRQHandler                          0x0000050f   Thumb Code     0  startup_mk66f18.o(.text)
    TSI0_IRQHandler                          0x0000050f   Thumb Code     0  startup_mk66f18.o(.text)
    UART0_ERR_IRQHandler                     0x0000050f   Thumb Code     0  startup_mk66f18.o(.text)
    UART0_RX_TX_IRQHandler                   0x0000050f   Thumb Code     0  startup_mk66f18.o(.text)
    UART1_ERR_IRQHandler                     0x0000050f   Thumb Code     0  startup_mk66f18.o(.text)
    UART1_RX_TX_IRQHandler                   0x0000050f   Thumb Code     0  startup_mk66f18.o(.text)
    UART2_ERR_IRQHandler                     0x0000050f   Thumb Code     0  startup_mk66f18.o(.text)
    UART2_RX_TX_IRQHandler                   0x0000050f   Thumb Code     0  startup_mk66f18.o(.text)
    UART3_ERR_IRQHandler                     0x0000050f   Thumb Code     0  startup_mk66f18.o(.text)
    UART4_ERR_IRQHandler                     0x0000050f   Thumb Code     0  startup_mk66f18.o(.text)
    UART4_RX_TX_IRQHandler                   0x0000050f   Thumb Code     0  startup_mk66f18.o(.text)
    USB0_IRQHandler                          0x0000050f   Thumb Code     0  startup_mk66f18.o(.text)
    USBDCD_IRQHandler                        0x0000050f   Thumb Code     0  startup_mk66f18.o(.text)
    USBHSDCD_IRQHandler                      0x0000050f   Thumb Code     0  startup_mk66f18.o(.text)
    USBHS_IRQHandler                         0x0000050f   Thumb Code     0  startup_mk66f18.o(.text)
    WDOG_EWM_IRQHandler                      0x0000050f   Thumb Code     0  startup_mk66f18.o(.text)
    __user_initial_stackheap                 0x00000511   Thumb Code     0  startup_mk66f18.o(.text)
    __aeabi_memclr4                          0x00000531   Thumb Code     0  rt_memclr_w.o(.text)
    __aeabi_memclr8                          0x00000531   Thumb Code     0  rt_memclr_w.o(.text)
    __rt_memclr_w                            0x00000531   Thumb Code    78  rt_memclr_w.o(.text)
    _memset_w                                0x00000535   Thumb Code     0  rt_memclr_w.o(.text)
    __use_two_region_memory                  0x0000057f   Thumb Code     2  heapauxi.o(.text)
    __rt_heap_escrow                         0x00000581   Thumb Code     2  heapauxi.o(.text)
    __rt_heap_expand                         0x00000583   Thumb Code     2  heapauxi.o(.text)
    __user_libspace                          0x00000585   Thumb Code     8  libspace.o(.text)
    __user_perproc_libspace                  0x00000585   Thumb Code     0  libspace.o(.text)
    __user_perthread_libspace                0x00000585   Thumb Code     0  libspace.o(.text)
    __I$use$semihosting                      0x0000058d   Thumb Code     0  use_no_semi.o(.text)
    __use_no_semihosting_swi                 0x0000058d   Thumb Code     2  use_no_semi.o(.text)
    __semihosting_library_function           0x0000058f   Thumb Code     0  indicate_semi.o(.text)
    __user_setup_stackheap                   0x0000058f   Thumb Code    74  sys_stackheap_outer.o(.text)
    exit                                     0x000005d9   Thumb Code    18  exit.o(.text)
    _sys_exit                                0x000005ed   Thumb Code     8  sys_exit.o(.text)
    Check_stop                               0x000005f9   Thumb Code   170  findline.o(i.Check_stop)
    DMA0_IRQHandler                          0x000006b5   Thumb Code     8  isr.o(i.DMA0_IRQHandler)
    Disable_Wdog                             0x000006bd   Thumb Code    22  system_mk66.o(i.Disable_Wdog)
    FLASH_EraseSector                        0x000006d9   Thumb Code    46  mk60_flash.o(i.FLASH_EraseSector)
    FLASH_Init                               0x0000070d   Thumb Code     8  mk60_flash.o(i.FLASH_Init)
    FLASH_WriteSector                        0x00000719   Thumb Code   110  mk60_flash.o(i.FLASH_WriteSector)
    FTM_port_mux                             0x0000078d   Thumb Code   264  mk60_ftm.o(i.FTM_port_mux)
    Flash_Read                               0x000008cd   Thumb Code    68  key.o(i.Flash_Read)
    I2C_SendACK                              0x00000921   Thumb Code    62  seekfree_iic.o(i.I2C_SendACK)
    IIC_init                                 0x0000095f   Thumb Code    40  seekfree_iic.o(i.IIC_init)
    IIC_start                                0x00000987   Thumb Code    44  seekfree_iic.o(i.IIC_start)
    IIC_stop                                 0x000009b3   Thumb Code    48  seekfree_iic.o(i.IIC_stop)
    Image_Decompression                      0x000009e5   Thumb Code    60  seekfree_7725.o(i.Image_Decompression)
    KEY6_Scan                                0x00000a25   Thumb Code    92  key.o(i.KEY6_Scan)
    KEY_Scan                                 0x00000a8d   Thumb Code     8  key.o(i.KEY_Scan)
    Motor_PID_init                           0x00000a95   Thumb Code    22  pid.o(i.Motor_PID_init)
    Motor_control                            0x00000ab1   Thumb Code   798  pid.o(i.Motor_control)
    NMI_Handler                              0x00000e25   Thumb Code     2  system_mk66.o(i.NMI_Handler)
    OLED_DLY_ms                              0x00000e7d   Thumb Code    28  seekfree_oled.o(i.OLED_DLY_ms)
    OLED_Fill                                0x00000e99   Thumb Code    58  seekfree_oled.o(i.OLED_Fill)
    OLED_Init                                0x00000ed3   Thumb Code   298  seekfree_oled.o(i.OLED_Init)
    OLED_P6x8Str                             0x00000ffd   Thumb Code    96  seekfree_oled.o(i.OLED_P6x8Str)
    OLED_Print_Num2                          0x00001061   Thumb Code   176  seekfree_oled.o(i.OLED_Print_Num2)
    OLED_Set_Pos                             0x0000111d   Thumb Code    40  seekfree_oled.o(i.OLED_Set_Pos)
    OLED_WrCmd                               0x00001145   Thumb Code    80  seekfree_oled.o(i.OLED_WrCmd)
    OLED_WrDat                               0x00001195   Thumb Code    80  seekfree_oled.o(i.OLED_WrDat)
    PIT0_IRQHandler                          0x000011e5   Thumb Code    44  isr.o(i.PIT0_IRQHandler)
    PIT1_IRQHandler                          0x0000121d   Thumb Code    40  isr.o(i.PIT1_IRQHandler)
    PIT3_IRQHandler                          0x00001249   Thumb Code    86  isr.o(i.PIT3_IRQHandler)
    PORTA_IRQHandler                         0x000012ad   Thumb Code    86  isr.o(i.PORTA_IRQHandler)
    PORTA_init                               0x00001311   Thumb Code    18  isr.o(i.PORTA_init)
    PORTC_IRQHandler                         0x00001323   Thumb Code     8  isr.o(i.PORTC_IRQHandler)
    SE_PID_init                              0x00001381   Thumb Code    22  pid.o(i.SE_PID_init)
    SE_control                               0x0000139d   Thumb Code   952  pid.o(i.SE_control)
    SE_init                                  0x000017ad   Thumb Code    20  steering engine.o(i.SE_init)
    SPEED_Filter                             0x000017c1   Thumb Code   356  pid.o(i.SPEED_Filter)
    SYSTEM_CLK                               0x0000194d   Thumb Code   170  system_mk66.o(i.SYSTEM_CLK)
    Start                                    0x00001a05   Thumb Code    34  system_mk66.o(i.Start)
    UART3_RX_TX_IRQHandler                   0x00001a2d   Thumb Code    22  isr.o(i.UART3_RX_TX_IRQHandler)
    adc_config                               0x00001a49   Thumb Code    42  dianci.o(i.adc_config)
    adc_init                                 0x00001a7d   Thumb Code   426  mk60_adc.o(i.adc_init)
    adc_once                                 0x00001c2d   Thumb Code    70  mk60_adc.o(i.adc_once)
    adc_start                                0x00001c79   Thumb Code    52  mk60_adc.o(i.adc_start)
    boma                                     0x00001cb1   Thumb Code   150  key.o(i.boma)
    dianci                                   0x00001d6d   Thumb Code  1614  dianci.o(i.dianci)
    dis_bmp                                  0x000023f9   Thumb Code   472  seekfree_oled.o(i.dis_bmp)
    div_set                                  0x000025d1   Thumb Code    68  system_mk66.o(i.div_set)
    dma_portx2buff_init                      0x0000261d   Thumb Code   398  mk60_dma.o(i.dma_portx2buff_init)
    findline                                 0x000027c1   Thumb Code  1064  findline.o(i.findline)
    ftm_pwm_duty                             0x00002be9   Thumb Code    96  mk60_ftm.o(i.ftm_pwm_duty)
    ftm_pwm_init                             0x00002c51   Thumb Code   270  mk60_ftm.o(i.ftm_pwm_init)
    ftm_quad_clean                           0x00002d6d   Thumb Code    12  mk60_ftm.o(i.ftm_quad_clean)
    ftm_quad_get                             0x00002d7d   Thumb Code    14  mk60_ftm.o(i.ftm_quad_get)
    ftm_quad_init                            0x00002d91   Thumb Code   218  mk60_ftm.o(i.ftm_quad_init)
    get_clk                                  0x00002e75   Thumb Code    94  common.o(i.get_clk)
    gpio_ddr                                 0x00002ee9   Thumb Code    74  mk60_gpio.o(i.gpio_ddr)
    gpio_get                                 0x00002f39   Thumb Code    38  mk60_gpio.o(i.gpio_get)
    gpio_init                                0x00002f65   Thumb Code   200  mk60_gpio.o(i.gpio_init)
    gpio_set                                 0x00003039   Thumb Code    66  mk60_gpio.o(i.gpio_set)
    jiaquan_error1                           0x00003081   Thumb Code   142  findline.o(i.jiaquan_error1)
    jizhunhang                               0x00003135   Thumb Code   436  findline.o(i.jizhunhang)
    key                                      0x00003315   Thumb Code   712  key.o(i.key)
    main                                     0x00003605   Thumb Code   116  main.o(i.main)
    motor_init                               0x0000367d   Thumb Code    32  motor.o(i.motor_init)
    mt9v032_cof_uart_interrupt               0x0000369d   Thumb Code    68  seekfree_mt9v032.o(i.mt9v032_cof_uart_interrupt)
    ov7725_dma                               0x000036ed   Thumb Code    20  seekfree_7725.o(i.ov7725_dma)
    ov7725_init                              0x00003709   Thumb Code    18  seekfree_7725.o(i.ov7725_init)
    ov7725_port_init                         0x0000371d   Thumb Code   104  seekfree_7725.o(i.ov7725_port_init)
    ov7725_reg_init                          0x0000379d   Thumb Code   572  seekfree_7725.o(i.ov7725_reg_init)
    ov7725_vsync                             0x000039dd   Thumb Code    54  seekfree_7725.o(i.ov7725_vsync)
    paper1                                   0x00003a25   Thumb Code   210  key.o(i.paper1)
    paper2                                   0x00003b2d   Thumb Code   244  key.o(i.paper2)
    paper3                                   0x00003c75   Thumb Code   144  key.o(i.paper3)
    paper4                                   0x00003d3d   Thumb Code   166  key.o(i.paper4)
    pit0_init                                0x00003e21   Thumb Code    42  isr.o(i.pit0_init)
    pit1_init                                0x00003e51   Thumb Code    40  isr.o(i.pit1_init)
    pit3_init                                0x00003e7d   Thumb Code    42  isr.o(i.pit3_init)
    pit_init                                 0x00003ead   Thumb Code    78  mk60_pit.o(i.pit_init)
    pit_time_get                             0x00003f09   Thumb Code    78  mk60_pit.o(i.pit_time_get)
    pit_time_start                           0x00003f5d   Thumb Code    80  mk60_pit.o(i.pit_time_start)
    port_init                                0x00003fb9   Thumb Code   102  mk60_port.o(i.port_init)
    port_init_NoAlt                          0x0000402d   Thumb Code    76  mk60_port.o(i.port_init_NoAlt)
    pow10                                    0x00004081   Thumb Code    22  seekfree_oled.o(i.pow10)
    read_ch                                  0x00004097   Thumb Code   118  seekfree_iic.o(i.read_ch)
    rowflag                                  0x0000410d   Thumb Code   218  key.o(i.rowflag)
    saveflash                                0x000041fd   Thumb Code   136  key.o(i.saveflash)
    send_ch                                  0x00004295   Thumb Code    76  seekfree_iic.o(i.send_ch)
    simiic_delay                             0x000042e1   Thumb Code    18  seekfree_iic.o(i.simiic_delay)
    simiic_read_reg                          0x000042f3   Thumb Code    72  seekfree_iic.o(i.simiic_read_reg)
    simiic_write_reg                         0x0000433b   Thumb Code    42  seekfree_iic.o(i.simiic_write_reg)
    systick_delay                            0x00004365   Thumb Code    44  mk60_systick.o(i.systick_delay)
    systick_delay_ms                         0x00004391   Thumb Code    32  mk60_systick.o(i.systick_delay_ms)
    uart_getchar                             0x000043b5   Thumb Code    30  mk60_uart.o(i.uart_getchar)
    uart_init                                0x000043d9   Thumb Code   452  mk60_uart.o(i.uart_init)
    __aeabi_dadd                             0x000045b1   Thumb Code     0  daddsub_clz.o(x$fpl$dadd)
    _dadd                                    0x000045b1   Thumb Code   332  daddsub_clz.o(x$fpl$dadd)
    __aeabi_d2iz                             0x00004701   Thumb Code     0  dfix.o(x$fpl$dfix)
    _dfix                                    0x00004701   Thumb Code    94  dfix.o(x$fpl$dfix)
    __aeabi_i2d                              0x0000475f   Thumb Code     0  dflt_clz.o(x$fpl$dflt)
    _dflt                                    0x0000475f   Thumb Code    46  dflt_clz.o(x$fpl$dflt)
    __aeabi_dmul                             0x0000478d   Thumb Code     0  dmul.o(x$fpl$dmul)
    _dmul                                    0x0000478d   Thumb Code   332  dmul.o(x$fpl$dmul)
    __fpl_dnaninf                            0x000048e1   Thumb Code   156  dnaninf.o(x$fpl$dnaninf)
    __fpl_dretinf                            0x0000497d   Thumb Code    12  dretinf.o(x$fpl$dretinf)
    __aeabi_dsub                             0x00004989   Thumb Code     0  daddsub_clz.o(x$fpl$dsub)
    _dsub                                    0x00004989   Thumb Code   464  daddsub_clz.o(x$fpl$dsub)
    _fp_init                                 0x00004b5d   Thumb Code    10  fpinit.o(x$fpl$fpinit)
    __fplib_config_fpu_vfp                   0x00004b65   Thumb Code     0  fpinit.o(x$fpl$fpinit)
    __fplib_config_pureend_doubles           0x00004b65   Thumb Code     0  fpinit.o(x$fpl$fpinit)
    __I$use$fp                               0x00004b66   Number         0  usenofp.o(x$fpl$usenofp)
    ADCX                                     0x00004b68   Data           8  mk60_adc.o(.constdata)
    F6x8                                     0x00004bd0   Data         552  seekfree_oled.o(.constdata)
    F8X16                                    0x00004df8   Data        1520  seekfree_oled.o(.constdata)
    Region$$Table$$Base                      0x000053e8   Number         0  anon$$obj.o(Region$$Table)
    Region$$Table$$Limit                     0x00005408   Number         0  anon$$obj.o(Region$$Table)
    mcgout_clk_mhz                           0x20000000   Data           4  common.o(.data)
    core_clk_mhz                             0x20000004   Data           4  common.o(.data)
    bus_clk_mhz                              0x20000008   Data           4  common.o(.data)
    s_flash_command_run                      0x2000000c   Data          14  mk60_flash.o(.data)
    s_flash_run_entry                        0x2000001c   Data           4  mk60_flash.o(.data)
    period                                   0x20000020   Data           6  mk60_ftm.o(.data)
    uart                                     0x20000028   Data          20  mk60_uart.o(.data)
    wait_time                                0x2000003c   Data           4  isr.o(.data)
    distance_time                            0x20000040   Data           4  isr.o(.data)
    distance                                 0x20000044   Data           4  isr.o(.data)
    distance_tt                              0x20000048   Data           4  isr.o(.data)
    distance_t                               0x2000004c   Data           4  isr.o(.data)
    jzh                                      0x20000050   Data           4  findline.o(.data)
    sumMline                                 0x20000054   Data           4  findline.o(.data)
    avrMline                                 0x20000058   Data           4  findline.o(.data)
    zhongxin                                 0x2000005c   Data           4  findline.o(.data)
    stop_flag                                0x20000060   Data           4  findline.o(.data)
    quanzhi1                                 0x20000064   Data          30  findline.o(.data)
    Mline_sum1                               0x20000084   Data           4  findline.o(.data)
    quanzhi_sum1                             0x20000088   Data           4  findline.o(.data)
    avr_Mline1                               0x2000008c   Data           4  findline.o(.data)
    Mline_sum2                               0x20000090   Data           4  findline.o(.data)
    quanzhi_sum2                             0x20000094   Data           4  findline.o(.data)
    avr_Mline2                               0x20000098   Data           4  findline.o(.data)
    w_error1                                 0x2000009c   Data           4  findline.o(.data)
    w_error2                                 0x200000a0   Data           4  findline.o(.data)
    quan1_x                                  0x200000a4   Data           4  findline.o(.data)
    x1                                       0x200000a8   Data           4  findline.o(.data)
    quanzhi2                                 0x200000ac   Data          30  findline.o(.data)
    quan2_x                                  0x200000cc   Data           4  findline.o(.data)
    x2                                       0x200000d0   Data           4  findline.o(.data)
    x                                        0x200000d4   Data           4  findline.o(.data)
    y                                        0x200000d8   Data           4  findline.o(.data)
    yxh_flag                                 0x200000dc   Data           4  findline.o(.data)
    yxh                                      0x200000e0   Data           4  findline.o(.data)
    ZAbiaozhi                                0x200000e4   Data           4  findline.o(.data)
    DLbiaozhi                                0x200000e8   Data           4  findline.o(.data)
    HDbiaozhi                                0x200000ec   Data           4  findline.o(.data)
    shizi_flag                               0x200000f0   Data           4  findline.o(.data)
    shizi_times                              0x200000f4   Data           4  findline.o(.data)
    dianci_sup_flag                          0x200000f8   Data           4  findline.o(.data)
    dx_biaozhi                               0x200000fc   Data           4  findline.o(.data)
    yangguang_flag                           0x20000100   Data           4  findline.o(.data)
    Plan                                     0x20000104   Data           4  pid.o(.data)
    S_e0                                     0x20000108   Data           4  pid.o(.data)
    S_e1                                     0x2000010c   Data           4  pid.o(.data)
    S_kp                                     0x20000110   Data           4  pid.o(.data)
    S_kd                                     0x20000114   Data           4  pid.o(.data)
    Kp_error                                 0x20000118   Data           4  pid.o(.data)
    Kp_e                                     0x2000011c   Data           4  pid.o(.data)
    error                                    0x20000120   Data           4  pid.o(.data)
    M_e0                                     0x20000124   Data           4  pid.o(.data)
    M_e1                                     0x20000128   Data           4  pid.o(.data)
    M_e2                                     0x2000012c   Data           4  pid.o(.data)
    M_kp                                     0x20000130   Data           4  pid.o(.data)
    M_ki                                     0x20000134   Data           4  pid.o(.data)
    M_kd                                     0x20000138   Data           4  pid.o(.data)
    M_nowpoint                               0x2000013c   Data           2  pid.o(.data)
    M_setpoint                               0x2000013e   Data           2  pid.o(.data)
    motor_time                               0x20000140   Data           4  pid.o(.data)
    str_flag                                 0x20000144   Data           4  pid.o(.data)
    turn_flag                                0x20000148   Data           4  pid.o(.data)
    turning_flag                             0x2000014c   Data           4  pid.o(.data)
    xielv                                    0x20000150   Data           4  pid.o(.data)
    gRetValue_KEY1                           0x20000154   Data           1  key.o(.data)
    gRetValue_KEY2                           0x20000155   Data           1  key.o(.data)
    gRetValue_KEY3                           0x20000156   Data           1  key.o(.data)
    gRetValue_KEY4                           0x20000157   Data           1  key.o(.data)
    gRetValue_KEY5                           0x20000158   Data           1  key.o(.data)
    gRetValue_KEY6                           0x20000159   Data           1  key.o(.data)
    Key_papar                                0x2000015a   Data           1  key.o(.data)
    Key_hang                                 0x2000015b   Data           1  key.o(.data)
    motor_flag                               0x2000015c   Data           1  key.o(.data)
    b8                                       0x2000015d   Data           1  key.o(.data)
    b4                                       0x2000015e   Data           1  key.o(.data)
    b2                                       0x2000015f   Data           1  key.o(.data)
    b1                                       0x20000160   Data           1  key.o(.data)
    bb8                                      0x20000161   Data           1  key.o(.data)
    bb4                                      0x20000162   Data           1  key.o(.data)
    bb2                                      0x20000163   Data           1  key.o(.data)
    bb1                                      0x20000164   Data           1  key.o(.data)
    boma_value                               0x20000165   Data           1  key.o(.data)
    L_AD_value                               0x20000168   Data           4  dianci.o(.data)
    R_AD_value                               0x2000016c   Data           4  dianci.o(.data)
    M_AD_value                               0x20000170   Data           4  dianci.o(.data)
    L_sum                                    0x20000174   Data           4  dianci.o(.data)
    R_sum                                    0x20000178   Data           4  dianci.o(.data)
    M_sum                                    0x2000017c   Data           4  dianci.o(.data)
    R_L_delta                                0x20000180   Data           4  dianci.o(.data)
    error_dc                                 0x20000184   Data           4  dianci.o(.data)
    abs_error                                0x20000188   Data           4  dianci.o(.data)
    last_error                               0x2000018c   Data           4  dianci.o(.data)
    dianci_out                               0x20000190   Data           4  dianci.o(.data)
    dianci_kp                                0x20000194   Data           4  dianci.o(.data)
    dianci_kd                                0x20000198   Data           4  dianci.o(.data)
    OV7725_IDCode                            0x200001a4   Data           1  seekfree_7725.o(.data)
    ov7725_finish_flag                       0x200001a5   Data           1  seekfree_7725.o(.data)
    receive                                  0x200001a6   Data           3  seekfree_mt9v032.o(.data)
    receive_num                              0x200001a9   Data           1  seekfree_mt9v032.o(.data)
    uart_receive_flag                        0x200001aa   Data           1  seekfree_mt9v032.o(.data)
    MT9V032_CFG                              0x200001ac   Data          36  seekfree_mt9v032.o(.data)
    GET_CFG                                  0x200001d0   Data          32  seekfree_mt9v032.o(.data)
    version                                  0x200001f0   Data           2  seekfree_mt9v032.o(.data)
    mt9v032_finish_flag                      0x200001f2   Data           1  seekfree_mt9v032.o(.data)
    Lline                                    0x200001f4   Data         240  findline.o(.bss)
    Mline                                    0x200002e4   Data         240  findline.o(.bss)
    Rline                                    0x200003d4   Data         240  findline.o(.bss)
    L_lost_flag                              0x200004c4   Data         240  findline.o(.bss)
    R_lost_flag                              0x200005b4   Data         240  findline.o(.bss)
    SE_PID                                   0x200006a4   Data          28  pid.o(.bss)
    Motor_PID                                0x200006c0   Data          28  pid.o(.bss)
    CarSpeed                                 0x200006dc   Data          12  pid.o(.bss)
    SPEED_FIFO                               0x200006e8   Data          40  pid.o(.bss)
    image_bin                                0x20000710   Data         600  seekfree_7725.o(.bss)
    image_dec                                0x20000968   Data        4800  seekfree_7725.o(.bss)
    __libspace_start                         0x20001c28   Data          96  libspace.o(.bss)
    __temporary_stack_top$libspace           0x20001c88   Data           0  libspace.o(.bss)



==============================================================================

Memory Map of the image

  Image Entry point : 0x00000411

  Load Region LR_IROM1 (Base: 0x00000000, Size: 0x000055fc, Max: 0x00100000, ABSOLUTE, COMPRESSED[0x0000548c])

    Execution Region ER_IROM1 (Exec base: 0x00000000, Load base: 0x00000000, Size: 0x00005408, Max: 0x00100000, ABSOLUTE)

    Exec Addr    Load Addr    Size         Type   Attr      Idx    E Section Name        Object

    0x00000000   0x00000000   0x00000400   Data   RO            3    RESET               startup_mk66f18.o
    0x00000400   0x00000400   0x00000010   Code   RO            4    .ARM.__at_0x400     startup_mk66f18.o
    0x00000410   0x00000410   0x00000008   Code   RO         3100  * !!!main             c_w.l(__main.o)
    0x00000418   0x00000418   0x00000034   Code   RO         3332    !!!scatter          c_w.l(__scatter.o)
    0x0000044c   0x0000044c   0x0000005a   Code   RO         3330    !!dczerorl2         c_w.l(__dczerorl2.o)
    0x000004a6   0x000004a6   0x00000002   PAD
    0x000004a8   0x000004a8   0x0000001c   Code   RO         3334    !!handler_zi        c_w.l(__scatter_zi.o)
    0x000004c4   0x000004c4   0x00000002   Code   RO         3269    .ARM.Collect$$libinit$$00000000  c_w.l(libinit.o)
    0x000004c6   0x000004c6   0x00000004   Code   RO         3156    .ARM.Collect$$libinit$$00000001  c_w.l(libinit2.o)
    0x000004ca   0x000004ca   0x00000000   Code   RO         3159    .ARM.Collect$$libinit$$00000004  c_w.l(libinit2.o)
    0x000004ca   0x000004ca   0x00000000   Code   RO         3162    .ARM.Collect$$libinit$$0000000A  c_w.l(libinit2.o)
    0x000004ca   0x000004ca   0x00000000   Code   RO         3164    .ARM.Collect$$libinit$$0000000C  c_w.l(libinit2.o)
    0x000004ca   0x000004ca   0x00000000   Code   RO         3166    .ARM.Collect$$libinit$$0000000E  c_w.l(libinit2.o)
    0x000004ca   0x000004ca   0x00000000   Code   RO         3169    .ARM.Collect$$libinit$$00000011  c_w.l(libinit2.o)
    0x000004ca   0x000004ca   0x00000000   Code   RO         3171    .ARM.Collect$$libinit$$00000013  c_w.l(libinit2.o)
    0x000004ca   0x000004ca   0x00000000   Code   RO         3173    .ARM.Collect$$libinit$$00000015  c_w.l(libinit2.o)
    0x000004ca   0x000004ca   0x00000000   Code   RO         3175    .ARM.Collect$$libinit$$00000017  c_w.l(libinit2.o)
    0x000004ca   0x000004ca   0x00000000   Code   RO         3177    .ARM.Collect$$libinit$$00000019  c_w.l(libinit2.o)
    0x000004ca   0x000004ca   0x00000000   Code   RO         3179    .ARM.Collect$$libinit$$0000001B  c_w.l(libinit2.o)
    0x000004ca   0x000004ca   0x00000000   Code   RO         3181    .ARM.Collect$$libinit$$0000001D  c_w.l(libinit2.o)
    0x000004ca   0x000004ca   0x00000000   Code   RO         3183    .ARM.Collect$$libinit$$0000001F  c_w.l(libinit2.o)
    0x000004ca   0x000004ca   0x00000000   Code   RO         3185    .ARM.Collect$$libinit$$00000021  c_w.l(libinit2.o)
    0x000004ca   0x000004ca   0x00000000   Code   RO         3187    .ARM.Collect$$libinit$$00000023  c_w.l(libinit2.o)
    0x000004ca   0x000004ca   0x00000000   Code   RO         3189    .ARM.Collect$$libinit$$00000025  c_w.l(libinit2.o)
    0x000004ca   0x000004ca   0x00000000   Code   RO         3193    .ARM.Collect$$libinit$$0000002C  c_w.l(libinit2.o)
    0x000004ca   0x000004ca   0x00000000   Code   RO         3195    .ARM.Collect$$libinit$$0000002E  c_w.l(libinit2.o)
    0x000004ca   0x000004ca   0x00000000   Code   RO         3197    .ARM.Collect$$libinit$$00000030  c_w.l(libinit2.o)
    0x000004ca   0x000004ca   0x00000000   Code   RO         3199    .ARM.Collect$$libinit$$00000032  c_w.l(libinit2.o)
    0x000004ca   0x000004ca   0x00000002   Code   RO         3200    .ARM.Collect$$libinit$$00000033  c_w.l(libinit2.o)
    0x000004cc   0x000004cc   0x00000002   Code   RO         3327    .ARM.Collect$$libshutdown$$00000000  c_w.l(libshutdown.o)
    0x000004ce   0x000004ce   0x00000000   Code   RO         3283    .ARM.Collect$$libshutdown$$00000002  c_w.l(libshutdown2.o)
    0x000004ce   0x000004ce   0x00000000   Code   RO         3285    .ARM.Collect$$libshutdown$$00000004  c_w.l(libshutdown2.o)
    0x000004ce   0x000004ce   0x00000000   Code   RO         3288    .ARM.Collect$$libshutdown$$00000007  c_w.l(libshutdown2.o)
    0x000004ce   0x000004ce   0x00000000   Code   RO         3291    .ARM.Collect$$libshutdown$$0000000A  c_w.l(libshutdown2.o)
    0x000004ce   0x000004ce   0x00000000   Code   RO         3293    .ARM.Collect$$libshutdown$$0000000C  c_w.l(libshutdown2.o)
    0x000004ce   0x000004ce   0x00000000   Code   RO         3296    .ARM.Collect$$libshutdown$$0000000F  c_w.l(libshutdown2.o)
    0x000004ce   0x000004ce   0x00000002   Code   RO         3297    .ARM.Collect$$libshutdown$$00000010  c_w.l(libshutdown2.o)
    0x000004d0   0x000004d0   0x00000000   Code   RO         3122    .ARM.Collect$$rtentry$$00000000  c_w.l(__rtentry.o)
    0x000004d0   0x000004d0   0x00000000   Code   RO         3212    .ARM.Collect$$rtentry$$00000002  c_w.l(__rtentry2.o)
    0x000004d0   0x000004d0   0x00000006   Code   RO         3224    .ARM.Collect$$rtentry$$00000004  c_w.l(__rtentry4.o)
    0x000004d6   0x000004d6   0x00000000   Code   RO         3214    .ARM.Collect$$rtentry$$00000009  c_w.l(__rtentry2.o)
    0x000004d6   0x000004d6   0x00000004   Code   RO         3215    .ARM.Collect$$rtentry$$0000000A  c_w.l(__rtentry2.o)
    0x000004da   0x000004da   0x00000000   Code   RO         3217    .ARM.Collect$$rtentry$$0000000C  c_w.l(__rtentry2.o)
    0x000004da   0x000004da   0x00000008   Code   RO         3218    .ARM.Collect$$rtentry$$0000000D  c_w.l(__rtentry2.o)
    0x000004e2   0x000004e2   0x00000002   Code   RO         3272    .ARM.Collect$$rtexit$$00000000  c_w.l(rtexit.o)
    0x000004e4   0x000004e4   0x00000000   Code   RO         3301    .ARM.Collect$$rtexit$$00000002  c_w.l(rtexit2.o)
    0x000004e4   0x000004e4   0x00000004   Code   RO         3302    .ARM.Collect$$rtexit$$00000003  c_w.l(rtexit2.o)
    0x000004e8   0x000004e8   0x00000006   Code   RO         3303    .ARM.Collect$$rtexit$$00000004  c_w.l(rtexit2.o)
    0x000004ee   0x000004ee   0x00000002   PAD
    0x000004f0   0x000004f0   0x00000040   Code   RO            5    .text               startup_mk66f18.o
    0x00000530   0x00000530   0x0000004e   Code   RO         3096    .text               c_w.l(rt_memclr_w.o)
    0x0000057e   0x0000057e   0x00000006   Code   RO         3098    .text               c_w.l(heapauxi.o)
    0x00000584   0x00000584   0x00000008   Code   RO         3208    .text               c_w.l(libspace.o)
    0x0000058c   0x0000058c   0x00000002   Code   RO         3245    .text               c_w.l(use_no_semi.o)
    0x0000058e   0x0000058e   0x00000000   Code   RO         3247    .text               c_w.l(indicate_semi.o)
    0x0000058e   0x0000058e   0x0000004a   Code   RO         3248    .text               c_w.l(sys_stackheap_outer.o)
    0x000005d8   0x000005d8   0x00000012   Code   RO         3254    .text               c_w.l(exit.o)
    0x000005ea   0x000005ea   0x00000002   PAD
    0x000005ec   0x000005ec   0x0000000c   Code   RO         3270    .text               c_w.l(sys_exit.o)
    0x000005f8   0x000005f8   0x000000bc   Code   RO         1440    i.Check_stop        findline.o
    0x000006b4   0x000006b4   0x00000008   Code   RO          989    i.DMA0_IRQHandler   isr.o
    0x000006bc   0x000006bc   0x0000001c   Code   RO           15    i.Disable_Wdog      system_mk66.o
    0x000006d8   0x000006d8   0x00000034   Code   RO          288    i.FLASH_EraseSector  mk60_flash.o
    0x0000070c   0x0000070c   0x0000000c   Code   RO          290    i.FLASH_Init        mk60_flash.o
    0x00000718   0x00000718   0x00000074   Code   RO          291    i.FLASH_WriteSector  mk60_flash.o
    0x0000078c   0x0000078c   0x0000010c   Code   RO          337    i.FTM_port_mux      mk60_ftm.o
    0x00000898   0x00000898   0x00000034   Code   RO          292    i.FlashCmdStart     mk60_flash.o
    0x000008cc   0x000008cc   0x00000054   Code   RO         1634    i.Flash_Read        key.o
    0x00000920   0x00000920   0x0000003e   Code   RO         2159    i.I2C_SendACK       seekfree_iic.o
    0x0000095e   0x0000095e   0x00000028   Code   RO         2160    i.IIC_init          seekfree_iic.o
    0x00000986   0x00000986   0x0000002c   Code   RO         2161    i.IIC_start         seekfree_iic.o
    0x000009b2   0x000009b2   0x00000030   Code   RO         2162    i.IIC_stop          seekfree_iic.o
    0x000009e2   0x000009e2   0x00000002   PAD
    0x000009e4   0x000009e4   0x00000040   Code   RO         2053    i.Image_Decompression  seekfree_7725.o
    0x00000a24   0x00000a24   0x00000068   Code   RO         1636    i.KEY6_Scan         key.o
    0x00000a8c   0x00000a8c   0x00000008   Code   RO         1637    i.KEY_Scan          key.o
    0x00000a94   0x00000a94   0x0000001c   Code   RO         1566    i.Motor_PID_init    pid.o
    0x00000ab0   0x00000ab0   0x00000374   Code   RO         1567    i.Motor_control     pid.o
    0x00000e24   0x00000e24   0x00000002   Code   RO           16    i.NMI_Handler       system_mk66.o
    0x00000e26   0x00000e26   0x00000016   Code   RO          990    i.NVIC_EnableIRQ    isr.o
    0x00000e3c   0x00000e3c   0x00000016   Code   RO         2054    i.NVIC_EnableIRQ    seekfree_7725.o
    0x00000e52   0x00000e52   0x00000002   PAD
    0x00000e54   0x00000e54   0x00000028   Code   RO          991    i.NVIC_SetPriority  isr.o
    0x00000e7c   0x00000e7c   0x0000001c   Code   RO         2419    i.OLED_DLY_ms       seekfree_oled.o
    0x00000e98   0x00000e98   0x0000003a   Code   RO         2420    i.OLED_Fill         seekfree_oled.o
    0x00000ed2   0x00000ed2   0x0000012a   Code   RO         2422    i.OLED_Init         seekfree_oled.o
    0x00000ffc   0x00000ffc   0x00000064   Code   RO         2423    i.OLED_P6x8Str      seekfree_oled.o
    0x00001060   0x00001060   0x000000bc   Code   RO         2427    i.OLED_Print_Num2   seekfree_oled.o
    0x0000111c   0x0000111c   0x00000028   Code   RO         2429    i.OLED_Set_Pos      seekfree_oled.o
    0x00001144   0x00001144   0x00000050   Code   RO         2431    i.OLED_WrCmd        seekfree_oled.o
    0x00001194   0x00001194   0x00000050   Code   RO         2432    i.OLED_WrDat        seekfree_oled.o
    0x000011e4   0x000011e4   0x00000038   Code   RO          992    i.PIT0_IRQHandler   isr.o
    0x0000121c   0x0000121c   0x0000002c   Code   RO          993    i.PIT1_IRQHandler   isr.o
    0x00001248   0x00001248   0x00000064   Code   RO          994    i.PIT3_IRQHandler   isr.o
    0x000012ac   0x000012ac   0x00000064   Code   RO          995    i.PORTA_IRQHandler  isr.o
    0x00001310   0x00001310   0x00000012   Code   RO          996    i.PORTA_init        isr.o
    0x00001322   0x00001322   0x00000008   Code   RO          997    i.PORTC_IRQHandler  isr.o
    0x0000132a   0x0000132a   0x00000056   Code   RO         2163    i.SCCB_WaitAck      seekfree_iic.o
    0x00001380   0x00001380   0x0000001c   Code   RO         1568    i.SE_PID_init       pid.o
    0x0000139c   0x0000139c   0x00000410   Code   RO         1569    i.SE_control        pid.o
    0x000017ac   0x000017ac   0x00000014   Code   RO         1543    i.SE_init           steering engine.o
    0x000017c0   0x000017c0   0x0000018c   Code   RO         1570    i.SPEED_Filter      pid.o
    0x0000194c   0x0000194c   0x000000b8   Code   RO           17    i.SYSTEM_CLK        system_mk66.o
    0x00001a04   0x00001a04   0x00000028   Code   RO           18    i.Start             system_mk66.o
    0x00001a2c   0x00001a2c   0x0000001c   Code   RO          998    i.UART3_RX_TX_IRQHandler  isr.o
    0x00001a48   0x00001a48   0x00000034   Code   RO         1738    i.adc_config        dianci.o
    0x00001a7c   0x00001a7c   0x000001b0   Code   RO          151    i.adc_init          mk60_adc.o
    0x00001c2c   0x00001c2c   0x0000004c   Code   RO          152    i.adc_once          mk60_adc.o
    0x00001c78   0x00001c78   0x00000038   Code   RO          153    i.adc_start         mk60_adc.o
    0x00001cb0   0x00001cb0   0x000000bc   Code   RO         1638    i.boma              key.o
    0x00001d6c   0x00001d6c   0x0000068c   Code   RO         1739    i.dianci            dianci.o
    0x000023f8   0x000023f8   0x000001d8   Code   RO         2433    i.dis_bmp           seekfree_oled.o
    0x000025d0   0x000025d0   0x0000004c   Code   RO           19    i.div_set           system_mk66.o
    0x0000261c   0x0000261c   0x000001a4   Code   RO          265    i.dma_portx2buff_init  mk60_dma.o
    0x000027c0   0x000027c0   0x00000428   Code   RO         1442    i.findline          findline.o
    0x00002be8   0x00002be8   0x00000068   Code   RO          341    i.ftm_pwm_duty      mk60_ftm.o
    0x00002c50   0x00002c50   0x0000011c   Code   RO          343    i.ftm_pwm_init      mk60_ftm.o
    0x00002d6c   0x00002d6c   0x00000010   Code   RO          344    i.ftm_quad_clean    mk60_ftm.o
    0x00002d7c   0x00002d7c   0x00000014   Code   RO          345    i.ftm_quad_get      mk60_ftm.o
    0x00002d90   0x00002d90   0x000000e4   Code   RO          346    i.ftm_quad_init     mk60_ftm.o
    0x00002e74   0x00002e74   0x00000074   Code   RO          105    i.get_clk           common.o
    0x00002ee8   0x00002ee8   0x00000050   Code   RO          422    i.gpio_ddr          mk60_gpio.o
    0x00002f38   0x00002f38   0x0000002c   Code   RO          423    i.gpio_get          mk60_gpio.o
    0x00002f64   0x00002f64   0x000000d4   Code   RO          424    i.gpio_init         mk60_gpio.o
    0x00003038   0x00003038   0x00000048   Code   RO          425    i.gpio_set          mk60_gpio.o
    0x00003080   0x00003080   0x000000b4   Code   RO         1445    i.jiaquan_error1    findline.o
    0x00003134   0x00003134   0x000001e0   Code   RO         1447    i.jizhunhang        findline.o
    0x00003314   0x00003314   0x000002f0   Code   RO         1640    i.key               key.o
    0x00003604   0x00003604   0x00000078   Code   RO         1236    i.main              main.o
    0x0000367c   0x0000367c   0x00000020   Code   RO         1411    i.motor_init        motor.o
    0x0000369c   0x0000369c   0x00000050   Code   RO         2574    i.mt9v032_cof_uart_interrupt  seekfree_mt9v032.o
    0x000036ec   0x000036ec   0x0000001c   Code   RO         2055    i.ov7725_dma        seekfree_7725.o
    0x00003708   0x00003708   0x00000012   Code   RO         2056    i.ov7725_init       seekfree_7725.o
    0x0000371a   0x0000371a   0x00000002   PAD
    0x0000371c   0x0000371c   0x00000080   Code   RO         2057    i.ov7725_port_init  seekfree_7725.o
    0x0000379c   0x0000379c   0x00000240   Code   RO         2058    i.ov7725_reg_init   seekfree_7725.o
    0x000039dc   0x000039dc   0x00000048   Code   RO         2059    i.ov7725_vsync      seekfree_7725.o
    0x00003a24   0x00003a24   0x00000108   Code   RO         1641    i.paper1            key.o
    0x00003b2c   0x00003b2c   0x00000148   Code   RO         1642    i.paper2            key.o
    0x00003c74   0x00003c74   0x000000c8   Code   RO         1643    i.paper3            key.o
    0x00003d3c   0x00003d3c   0x000000e4   Code   RO         1644    i.paper4            key.o
    0x00003e20   0x00003e20   0x00000030   Code   RO          999    i.pit0_init         isr.o
    0x00003e50   0x00003e50   0x0000002c   Code   RO         1000    i.pit1_init         isr.o
    0x00003e7c   0x00003e7c   0x00000030   Code   RO         1001    i.pit3_init         isr.o
    0x00003eac   0x00003eac   0x0000005c   Code   RO          559    i.pit_init          mk60_pit.o
    0x00003f08   0x00003f08   0x00000054   Code   RO          560    i.pit_time_get      mk60_pit.o
    0x00003f5c   0x00003f5c   0x0000005c   Code   RO          561    i.pit_time_start    mk60_pit.o
    0x00003fb8   0x00003fb8   0x00000074   Code   RO          604    i.port_init         mk60_port.o
    0x0000402c   0x0000402c   0x00000054   Code   RO          605    i.port_init_NoAlt   mk60_port.o
    0x00004080   0x00004080   0x00000016   Code   RO         2434    i.pow10             seekfree_oled.o
    0x00004096   0x00004096   0x00000076   Code   RO         2164    i.read_ch           seekfree_iic.o
    0x0000410c   0x0000410c   0x000000f0   Code   RO         1645    i.rowflag           key.o
    0x000041fc   0x000041fc   0x00000098   Code   RO         1646    i.saveflash         key.o
    0x00004294   0x00004294   0x0000004c   Code   RO         2165    i.send_ch           seekfree_iic.o
    0x000042e0   0x000042e0   0x00000012   Code   RO         2166    i.simiic_delay      seekfree_iic.o
    0x000042f2   0x000042f2   0x00000048   Code   RO         2167    i.simiic_read_reg   seekfree_iic.o
    0x0000433a   0x0000433a   0x0000002a   Code   RO         2168    i.simiic_write_reg  seekfree_iic.o
    0x00004364   0x00004364   0x0000002c   Code   RO          802    i.systick_delay     mk60_systick.o
    0x00004390   0x00004390   0x00000024   Code   RO          803    i.systick_delay_ms  mk60_systick.o
    0x000043b4   0x000043b4   0x00000024   Code   RO          846    i.uart_getchar      mk60_uart.o
    0x000043d8   0x000043d8   0x000001d8   Code   RO          847    i.uart_init         mk60_uart.o
    0x000045b0   0x000045b0   0x00000150   Code   RO         3102    x$fpl$dadd          fz_wm.l(daddsub_clz.o)
    0x00004700   0x00004700   0x0000005e   Code   RO         3108    x$fpl$dfix          fz_wm.l(dfix.o)
    0x0000475e   0x0000475e   0x0000002e   Code   RO         3113    x$fpl$dflt          fz_wm.l(dflt_clz.o)
    0x0000478c   0x0000478c   0x00000154   Code   RO         3118    x$fpl$dmul          fz_wm.l(dmul.o)
    0x000048e0   0x000048e0   0x0000009c   Code   RO         3201    x$fpl$dnaninf       fz_wm.l(dnaninf.o)
    0x0000497c   0x0000497c   0x0000000c   Code   RO         3203    x$fpl$dretinf       fz_wm.l(dretinf.o)
    0x00004988   0x00004988   0x000001d4   Code   RO         3104    x$fpl$dsub          fz_wm.l(daddsub_clz.o)
    0x00004b5c   0x00004b5c   0x0000000a   Code   RO         3243    x$fpl$fpinit        fz_wm.l(fpinit.o)
    0x00004b66   0x00004b66   0x00000000   Code   RO         3205    x$fpl$usenofp       fz_wm.l(usenofp.o)
    0x00004b66   0x00004b66   0x00000002   PAD
    0x00004b68   0x00004b68   0x00000008   Data   RO          155    .constdata          mk60_adc.o
    0x00004b70   0x00004b70   0x00000010   Data   RO          347    .constdata          mk60_ftm.o
    0x00004b80   0x00004b80   0x00000028   Data   RO          427    .constdata          mk60_gpio.o
    0x00004ba8   0x00004ba8   0x00000028   Data   RO          606    .constdata          mk60_port.o
    0x00004bd0   0x00004bd0   0x00000818   Data   RO         2435    .constdata          seekfree_oled.o
    0x000053e8   0x000053e8   0x00000020   Data   RO         3328    Region$$Table       anon$$obj.o


    Execution Region RW_IRAM1 (Exec base: 0x20000000, Load base: 0x00005408, Size: 0x00002088, Max: 0x00030000, ABSOLUTE, COMPRESSED[0x00000084])

    Exec Addr    Load Addr    Size         Type   Attr      Idx    E Section Name        Object

    0x20000000   COMPRESSED   0x0000000c   Data   RW          106    .data               common.o
    0x2000000c   COMPRESSED   0x00000014   Data   RW          293    .data               mk60_flash.o
    0x20000020   COMPRESSED   0x00000006   Data   RW          348    .data               mk60_ftm.o
    0x20000026   COMPRESSED   0x00000002   PAD
    0x20000028   COMPRESSED   0x00000014   Data   RW          856    .data               mk60_uart.o
    0x2000003c   COMPRESSED   0x00000014   Data   RW         1003    .data               isr.o
    0x20000050   COMPRESSED   0x000000b4   Data   RW         1453    .data               findline.o
    0x20000104   COMPRESSED   0x00000050   Data   RW         1574    .data               pid.o
    0x20000154   COMPRESSED   0x00000014   Data   RW         1647    .data               key.o
    0x20000168   COMPRESSED   0x0000003c   Data   RW         1743    .data               dianci.o
    0x200001a4   COMPRESSED   0x00000002   Data   RW         2062    .data               seekfree_7725.o
    0x200001a6   COMPRESSED   0x0000004d   Data   RW         2580    .data               seekfree_mt9v032.o
    0x200001f3   COMPRESSED   0x00000001   PAD
    0x200001f4        -       0x000004b0   Zero   RW         1452    .bss                findline.o
    0x200006a4        -       0x0000006c   Zero   RW         1573    .bss                pid.o
    0x20000710        -       0x00001518   Zero   RW         2061    .bss                seekfree_7725.o
    0x20001c28        -       0x00000060   Zero   RW         3209    .bss                c_w.l(libspace.o)
    0x20001c88        -       0x00000000   Zero   RW            2    HEAP                startup_mk66f18.o
    0x20001c88        -       0x00000400   Zero   RW            1    STACK               startup_mk66f18.o


==============================================================================

Image component sizes


      Code (inc. data)   RO Data    RW Data    ZI Data      Debug   Object Name

       116         22          0         12          0       2768   common.o
      1728        110          0         60          0       5296   dianci.o
      1912        156          0        180       1200       4754   findline.o
       564         74          0         20          0     754411   isr.o
      2548        426          0         20          0       8596   key.o
       120          4          0          0          0       2669   main.o
       564         80          8          0          0       4005   mk60_adc.o
       420         22          0          0          0       3342   mk60_dma.o
       232         30          0         20          0       3777   mk60_flash.o
       920         54         16          6          0       5958   mk60_ftm.o
       408         30         40          0          0       3141   mk60_gpio.o
       268         32          0          0          0       2587   mk60_pit.o
       200         22         40          0          0       1846   mk60_port.o
        80          4          0          0          0       1155   mk60_systick.o
       508         32          0         20          0      26737   mk60_uart.o
        32          0          0          0          0        477   motor.o
      2376        226          0         80        108       5265   pid.o
         0          0          0          0          0        420   seekfree_18tft.o
       908         58          0          2       5400       5116   seekfree_7725.o
       606          0          0          0          0       6076   seekfree_iic.o
        80         12          0         77          0       1551   seekfree_mt9v032.o
      1366         16       2072          0          0       8195   seekfree_oled.o
        80         38       1024          0       1024       1168   startup_mk66f18.o
        20          0          0          0          0        482   steering engine.o
       330         34          0          0          0     730762   system_mk66.o

    ----------------------------------------------------------------------
     16392       1482       3232        500       7732    1590554   Object Totals
         0          0         32          0          0          0   (incl. Generated)
         6          0          0          3          0          0   (incl. Padding)

    ----------------------------------------------------------------------

      Code (inc. data)   RO Data    RW Data    ZI Data      Debug   Library Member Name

        90          0          0          0          0          0   __dczerorl2.o
         8          0          0          0          0         68   __main.o
         0          0          0          0          0          0   __rtentry.o
        12          0          0          0          0          0   __rtentry2.o
         6          0          0          0          0          0   __rtentry4.o
        52          8          0          0          0          0   __scatter.o
        28          0          0          0          0          0   __scatter_zi.o
        18          0          0          0          0         80   exit.o
         6          0          0          0          0        152   heapauxi.o
         0          0          0          0          0          0   indicate_semi.o
         2          0          0          0          0          0   libinit.o
         6          0          0          0          0          0   libinit2.o
         2          0          0          0          0          0   libshutdown.o
         2          0          0          0          0          0   libshutdown2.o
         8          4          0          0         96         68   libspace.o
        78          0          0          0          0         80   rt_memclr_w.o
         2          0          0          0          0          0   rtexit.o
        10          0          0          0          0          0   rtexit2.o
        12          4          0          0          0         68   sys_exit.o
        74          0          0          0          0         80   sys_stackheap_outer.o
         2          0          0          0          0         68   use_no_semi.o
       804         16          0          0          0        368   daddsub_clz.o
        94          4          0          0          0        140   dfix.o
        46          0          0          0          0        116   dflt_clz.o
       340         12          0          0          0        152   dmul.o
       156          4          0          0          0        140   dnaninf.o
        12          0          0          0          0        116   dretinf.o
        10          0          0          0          0        116   fpinit.o
         0          0          0          0          0          0   usenofp.o

    ----------------------------------------------------------------------
      1888         52          0          0         96       1812   Library Totals
         8          0          0          0          0          0   (incl. Padding)

    ----------------------------------------------------------------------

      Code (inc. data)   RO Data    RW Data    ZI Data      Debug   Library Name

       418         16          0          0         96        664   c_w.l
      1462         36          0          0          0       1148   fz_wm.l

    ----------------------------------------------------------------------
      1888         52          0          0         96       1812   Library Totals

    ----------------------------------------------------------------------

==============================================================================


      Code (inc. data)   RO Data    RW Data    ZI Data      Debug   

     18280       1534       3232        500       7828    1582058   Grand Totals
     18280       1534       3232        132       7828    1582058   ELF Image Totals (compressed)
     18280       1534       3232        132          0          0   ROM Totals

==============================================================================

    Total RO  Size (Code + RO Data)                21512 (  21.01kB)
    Total RW  Size (RW Data + ZI Data)              8328 (   8.13kB)
    Total ROM Size (Code + RO Data + RW Data)      21644 (  21.14kB)

==============================================================================

